<?xml version="1.0" encoding="utf-8"?>
<TestRun id="7349c589-5111-4a19-b3e5-ad24d66d9dea" name="@NBK4152321 2020-05-18 21:56:47" xmlns="http://microsoft.com/schemas/VisualStudio/TeamTest/2010">
  <Times creation="2020-05-18T21:56:47.3613401+02:00" queuing="2020-05-18T21:56:47.3613418+02:00" start="2020-05-18T21:56:44.9724760+02:00" finish="2020-05-18T21:56:47.5874785+02:00" />
  <TestSettings name="default" id="da0c9c94-c701-4c95-90db-a59d01e7fb2a">
    <Deployment runDeploymentRoot="_NBK4152321_2020-05-18_21_56_47" />
  </TestSettings>
  <Results>
    <UnitTestResult executionId="281a7eda-01d6-4bd0-af1e-ac83988f6abb" testId="a29d2473-31a0-7444-498e-63b2f8cf05b9" testName="PersonId(value: 10)" computerName="NBK4152321" duration="00:00:00.0000127" startTime="2020-05-18T21:56:47.3249364+02:00" endTime="2020-05-18T21:56:47.3249397+02:00" testType="13cdc9d9-ddb5-4fa4-a97d-d965ccfc6d4b" outcome="Passed" testListId="8c84fa94-04c1-424b-9868-57a2d4851a1d" relativeResultsDirectory="281a7eda-01d6-4bd0-af1e-ac83988f6abb" />
    <UnitTestResult executionId="2f68bbe3-ea21-4888-bb63-d9eee81040f4" testId="48b0930a-7164-1fc9-de95-b724e9191db9" testName="PeopleNotPresentAreAdded(name: &quot;Hans&quot;)" computerName="NBK4152321" duration="00:00:00.1760154" startTime="2020-05-18T21:56:47.4638682+02:00" endTime="2020-05-18T21:56:47.4638712+02:00" testType="13cdc9d9-ddb5-4fa4-a97d-d965ccfc6d4b" outcome="Passed" testListId="8c84fa94-04c1-424b-9868-57a2d4851a1d" relativeResultsDirectory="2f68bbe3-ea21-4888-bb63-d9eee81040f4" />
    <UnitTestResult executionId="c4f1a7e9-5af3-4f5b-a829-be2066b140e0" testId="560e7b09-d8ae-ca54-53c7-1fbf98ea90fc" testName="Name(value: null)" computerName="NBK4152321" duration="00:00:00.0000304" startTime="2020-05-18T21:56:47.3298735+02:00" endTime="2020-05-18T21:56:47.3298755+02:00" testType="13cdc9d9-ddb5-4fa4-a97d-d965ccfc6d4b" outcome="Passed" testListId="8c84fa94-04c1-424b-9868-57a2d4851a1d" relativeResultsDirectory="c4f1a7e9-5af3-4f5b-a829-be2066b140e0" />
    <UnitTestResult executionId="79795a10-25be-45e1-ad86-32fe7429aad5" testId="eff1e9fe-2d1d-dc40-7308-ce9a06d48abb" testName="PersonId(value: -2147483648)" computerName="NBK4152321" duration="00:00:00.0000121" startTime="2020-05-18T21:56:47.3254939+02:00" endTime="2020-05-18T21:56:47.3254958+02:00" testType="13cdc9d9-ddb5-4fa4-a97d-d965ccfc6d4b" outcome="Passed" testListId="8c84fa94-04c1-424b-9868-57a2d4851a1d" relativeResultsDirectory="79795a10-25be-45e1-ad86-32fe7429aad5" />
    <UnitTestResult executionId="9fe66a63-fc2a-4392-ac69-c00be114521f" testId="995a544b-4ccf-5a1c-1868-8838f4be29a7" testName="Name(value: &quot;&quot;)" computerName="NBK4152321" duration="00:00:00.0000123" startTime="2020-05-18T21:56:47.3300523+02:00" endTime="2020-05-18T21:56:47.3300540+02:00" testType="13cdc9d9-ddb5-4fa4-a97d-d965ccfc6d4b" outcome="Passed" testListId="8c84fa94-04c1-424b-9868-57a2d4851a1d" relativeResultsDirectory="9fe66a63-fc2a-4392-ac69-c00be114521f" />
    <UnitTestResult executionId="0ac387ff-fbbe-4526-95fb-3a9e8cd9963f" testId="89bcd582-0c41-e159-240a-8b7199f89487" testName="Name(value: &quot;testline&quot;)" computerName="NBK4152321" duration="00:00:00.0000150" startTime="2020-05-18T21:56:47.3299729+02:00" endTime="2020-05-18T21:56:47.3299747+02:00" testType="13cdc9d9-ddb5-4fa4-a97d-d965ccfc6d4b" outcome="Passed" testListId="8c84fa94-04c1-424b-9868-57a2d4851a1d" relativeResultsDirectory="0ac387ff-fbbe-4526-95fb-3a9e8cd9963f" />
    <UnitTestResult executionId="2d478d1e-ed58-4a3d-9312-a1fbea1bd5ce" testId="1543dcfd-21f2-670b-146c-2597900e2b42" testName="Nationality(value: &quot;12345678910111213141516171819202122232425262728293&quot;...)" computerName="NBK4152321" duration="00:00:00.0071581" startTime="2020-05-18T21:56:47.2976717+02:00" endTime="2020-05-18T21:56:47.2976734+02:00" testType="13cdc9d9-ddb5-4fa4-a97d-d965ccfc6d4b" outcome="Passed" testListId="8c84fa94-04c1-424b-9868-57a2d4851a1d" relativeResultsDirectory="2d478d1e-ed58-4a3d-9312-a1fbea1bd5ce" />
    <UnitTestResult executionId="b3a9f00c-b1a7-4f29-9d7a-fb0774253cac" testId="6a552384-d06c-602d-fdab-740ceb404074" testName="ReturnsPhotoUrl(id: 2147483647)" computerName="NBK4152321" duration="00:00:00.0000132" startTime="2020-05-18T21:56:47.3203160+02:00" endTime="2020-05-18T21:56:47.3203180+02:00" testType="13cdc9d9-ddb5-4fa4-a97d-d965ccfc6d4b" outcome="Passed" testListId="8c84fa94-04c1-424b-9868-57a2d4851a1d" relativeResultsDirectory="b3a9f00c-b1a7-4f29-9d7a-fb0774253cac" />
    <UnitTestResult executionId="69d9121d-0577-4334-9204-b42e444e9788" testId="29d702e8-a2b9-38f4-1238-f0ea6ab717fe" testName="ReturnsPhotoUrl(id: -2147483648)" computerName="NBK4152321" duration="00:00:00.0000134" startTime="2020-05-18T21:56:47.3255628+02:00" endTime="2020-05-18T21:56:47.3255645+02:00" testType="13cdc9d9-ddb5-4fa4-a97d-d965ccfc6d4b" outcome="Passed" testListId="8c84fa94-04c1-424b-9868-57a2d4851a1d" relativeResultsDirectory="69d9121d-0577-4334-9204-b42e444e9788" />
    <UnitTestResult executionId="13bfb29f-ae71-421c-a831-d6ddad88a90f" testId="dfcb5f93-5c9b-ebe2-376c-b844953015e7" testName="BirthDate(value: 1900-01-01T00:00:00.0000000)" computerName="NBK4152321" duration="00:00:00.0000136" startTime="2020-05-18T21:56:47.3200484+02:00" endTime="2020-05-18T21:56:47.3200501+02:00" testType="13cdc9d9-ddb5-4fa4-a97d-d965ccfc6d4b" outcome="Passed" testListId="8c84fa94-04c1-424b-9868-57a2d4851a1d" relativeResultsDirectory="13bfb29f-ae71-421c-a831-d6ddad88a90f" />
    <UnitTestResult executionId="f62d5a5f-75e6-4e59-b822-7d5a5bf81798" testId="141af9ae-40fc-c8a6-5641-5e709681a481" testName="BirthDate(value: 9999-12-31T23:59:59.9999999)" computerName="NBK4152321" duration="00:00:00.0000411" startTime="2020-05-18T21:56:47.2994205+02:00" endTime="2020-05-18T21:56:47.2994246+02:00" testType="13cdc9d9-ddb5-4fa4-a97d-d965ccfc6d4b" outcome="Passed" testListId="8c84fa94-04c1-424b-9868-57a2d4851a1d" relativeResultsDirectory="f62d5a5f-75e6-4e59-b822-7d5a5bf81798" />
    <UnitTestResult executionId="fc777f57-c20e-4b7c-b74c-4fc377fc7229" testId="d8efa613-b0e9-92dd-a6d3-5328f86fd6df" testName="PersonId(value: 2147483647)" computerName="NBK4152321" duration="00:00:00.0000109" startTime="2020-05-18T21:56:47.3252407+02:00" endTime="2020-05-18T21:56:47.3252427+02:00" testType="13cdc9d9-ddb5-4fa4-a97d-d965ccfc6d4b" outcome="Passed" testListId="8c84fa94-04c1-424b-9868-57a2d4851a1d" relativeResultsDirectory="fc777f57-c20e-4b7c-b74c-4fc377fc7229" />
    <UnitTestResult executionId="e4e34f57-304a-4001-8194-6f3959605cac" testId="7cbb2446-8bc2-f24b-abbd-c104051ec19e" testName="PeopleNotPresentAreAdded(name: &quot;Dick&quot;)" computerName="NBK4152321" duration="00:00:00.0008968" startTime="2020-05-18T21:56:47.4648568+02:00" endTime="2020-05-18T21:56:47.4648592+02:00" testType="13cdc9d9-ddb5-4fa4-a97d-d965ccfc6d4b" outcome="Passed" testListId="8c84fa94-04c1-424b-9868-57a2d4851a1d" relativeResultsDirectory="e4e34f57-304a-4001-8194-6f3959605cac" />
    <UnitTestResult executionId="3598ae19-748d-4b57-9304-2f1a17cabc01" testId="6ccacdf5-aec4-25b1-07c5-b4ec866ea351" testName="Nationality(value: &quot;testline&quot;)" computerName="NBK4152321" duration="00:00:00.0000154" startTime="2020-05-18T21:56:47.3203851+02:00" endTime="2020-05-18T21:56:47.3203867+02:00" testType="13cdc9d9-ddb5-4fa4-a97d-d965ccfc6d4b" outcome="Passed" testListId="8c84fa94-04c1-424b-9868-57a2d4851a1d" relativeResultsDirectory="3598ae19-748d-4b57-9304-2f1a17cabc01" />
    <UnitTestResult executionId="beb61ee7-83a4-4fde-832c-283c09943272" testId="a246599f-430d-d956-7fe0-3d599abd9312" testName="ReturnsPhotoUrl(id: -10)" computerName="NBK4152321" duration="00:00:00.0077100" startTime="2020-05-18T21:56:47.2918768+02:00" endTime="2020-05-18T21:56:47.2919371+02:00" testType="13cdc9d9-ddb5-4fa4-a97d-d965ccfc6d4b" outcome="Passed" testListId="8c84fa94-04c1-424b-9868-57a2d4851a1d" relativeResultsDirectory="beb61ee7-83a4-4fde-832c-283c09943272" />
    <UnitTestResult executionId="2eaddd75-2d58-4fad-83cc-6afacf6dcc07" testId="c737fef7-d753-85c3-0b69-627637fab85f" testName="PersonId(value: 0)" computerName="NBK4152321" duration="00:00:00.0078355" startTime="2020-05-18T21:56:47.2976343+02:00" endTime="2020-05-18T21:56:47.2976366+02:00" testType="13cdc9d9-ddb5-4fa4-a97d-d965ccfc6d4b" outcome="Passed" testListId="8c84fa94-04c1-424b-9868-57a2d4851a1d" relativeResultsDirectory="2eaddd75-2d58-4fad-83cc-6afacf6dcc07" />
    <UnitTestResult executionId="788982f9-a9e2-4761-945d-9b9692772c8e" testId="7b8350a8-f9d6-81a5-d2c1-b781c15cd156" testName="PersonId(value: -1)" computerName="NBK4152321" duration="00:00:00.0000141" startTime="2020-05-18T21:56:47.3292194+02:00" endTime="2020-05-18T21:56:47.3292218+02:00" testType="13cdc9d9-ddb5-4fa4-a97d-d965ccfc6d4b" outcome="Passed" testListId="8c84fa94-04c1-424b-9868-57a2d4851a1d" relativeResultsDirectory="788982f9-a9e2-4761-945d-9b9692772c8e" />
    <UnitTestResult executionId="f06c7599-151f-4f2f-8f39-0ca174419501" testId="ac72b107-1ca0-a700-fc1a-7d93ee1ce3cd" testName="BirthDate(value: 0001-01-01T00:00:00.0000000)" computerName="NBK4152321" duration="00:00:00.0081537" startTime="2020-05-18T21:56:47.2971694+02:00" endTime="2020-05-18T21:56:47.2971720+02:00" testType="13cdc9d9-ddb5-4fa4-a97d-d965ccfc6d4b" outcome="Passed" testListId="8c84fa94-04c1-424b-9868-57a2d4851a1d" relativeResultsDirectory="f06c7599-151f-4f2f-8f39-0ca174419501" />
    <UnitTestResult executionId="e2d7d59b-7e42-4653-84fc-668afcc88e5f" testId="90f48ecf-064d-e89f-bb4a-58f44108863c" testName="BirthDate(value: 1782-09-05T00:00:00.0000000)" computerName="NBK4152321" duration="00:00:00.0000119" startTime="2020-05-18T21:56:47.3292999+02:00" endTime="2020-05-18T21:56:47.3293019+02:00" testType="13cdc9d9-ddb5-4fa4-a97d-d965ccfc6d4b" outcome="Passed" testListId="8c84fa94-04c1-424b-9868-57a2d4851a1d" relativeResultsDirectory="e2d7d59b-7e42-4653-84fc-668afcc88e5f" />
    <UnitTestResult executionId="df1d37b7-d981-442d-8fb0-97637021b69c" testId="7d3ebd9e-49ec-4494-9a5f-987b7dbb1a43" testName="ReturnsPhotoUrl(id: 0)" computerName="NBK4152321" duration="00:00:00.0000165" startTime="2020-05-18T21:56:47.3201160+02:00" endTime="2020-05-18T21:56:47.3201178+02:00" testType="13cdc9d9-ddb5-4fa4-a97d-d965ccfc6d4b" outcome="Passed" testListId="8c84fa94-04c1-424b-9868-57a2d4851a1d" relativeResultsDirectory="df1d37b7-d981-442d-8fb0-97637021b69c" />
    <UnitTestResult executionId="d9748920-3543-4b65-8cf7-733eed97e1cb" testId="65d12714-bc65-d703-5012-41cf4701419e" testName="BirthDate(value: 2000-01-01T00:00:00.0000000)" computerName="NBK4152321" duration="00:00:00.0000109" startTime="2020-05-18T21:56:47.3293842+02:00" endTime="2020-05-18T21:56:47.3293860+02:00" testType="13cdc9d9-ddb5-4fa4-a97d-d965ccfc6d4b" outcome="Passed" testListId="8c84fa94-04c1-424b-9868-57a2d4851a1d" relativeResultsDirectory="d9748920-3543-4b65-8cf7-733eed97e1cb" />
    <UnitTestResult executionId="2cacc4f2-8ab9-4655-b346-8335fd79534d" testId="36096c7a-3a4b-8558-cd8a-f63e2e559a94" testName="PersonId(value: -10)" computerName="NBK4152321" duration="00:00:00.0000111" startTime="2020-05-18T21:56:47.3202425+02:00" endTime="2020-05-18T21:56:47.3202442+02:00" testType="13cdc9d9-ddb5-4fa4-a97d-d965ccfc6d4b" outcome="Passed" testListId="8c84fa94-04c1-424b-9868-57a2d4851a1d" relativeResultsDirectory="2cacc4f2-8ab9-4655-b346-8335fd79534d" />
    <UnitTestResult executionId="ac1793f5-795c-4c30-8057-7bd19058faa8" testId="90a86e47-a96b-05e5-2eb5-e5bfe1c7960d" testName="Name(value: &quot;12345678910111213141516171819202122232425262728293&quot;...)" computerName="NBK4152321" duration="00:00:00.0009504" startTime="2020-05-18T21:56:47.3297635+02:00" endTime="2020-05-18T21:56:47.3297661+02:00" testType="13cdc9d9-ddb5-4fa4-a97d-d965ccfc6d4b" outcome="Passed" testListId="8c84fa94-04c1-424b-9868-57a2d4851a1d" relativeResultsDirectory="ac1793f5-795c-4c30-8057-7bd19058faa8" />
    <UnitTestResult executionId="ecc62671-e54c-4570-b5ec-4a2d01e123e2" testId="3bcd6e2c-38d5-6f98-2b57-bbb84d3b75e8" testName="ReturnsPhotoUrl(id: 10)" computerName="NBK4152321" duration="00:00:00.0000136" startTime="2020-05-18T21:56:47.3250010+02:00" endTime="2020-05-18T21:56:47.3250029+02:00" testType="13cdc9d9-ddb5-4fa4-a97d-d965ccfc6d4b" outcome="Passed" testListId="8c84fa94-04c1-424b-9868-57a2d4851a1d" relativeResultsDirectory="ecc62671-e54c-4570-b5ec-4a2d01e123e2" />
    <UnitTestResult executionId="17ee2c4f-d153-4ba1-802b-185f8c549603" testId="95eab1f0-7964-d181-23b5-01721380f853" testName="PersonId(value: 1)" computerName="NBK4152321" duration="00:00:00.0000326" startTime="2020-05-18T21:56:47.3199695+02:00" endTime="2020-05-18T21:56:47.3199719+02:00" testType="13cdc9d9-ddb5-4fa4-a97d-d965ccfc6d4b" outcome="Passed" testListId="8c84fa94-04c1-424b-9868-57a2d4851a1d" relativeResultsDirectory="17ee2c4f-d153-4ba1-802b-185f8c549603" />
    <UnitTestResult executionId="f1f16528-55ba-44c0-a8d8-5b4a53e9ee47" testId="dee5a526-7e66-a1c2-8a10-21acdf19ce09" testName="PeoplePresentAreNotAdded(name: &quot;Hans&quot;)" computerName="NBK4152321" duration="00:00:00.0012358" startTime="2020-05-18T21:56:47.4708982+02:00" endTime="2020-05-18T21:56:47.4709011+02:00" testType="13cdc9d9-ddb5-4fa4-a97d-d965ccfc6d4b" outcome="Passed" testListId="8c84fa94-04c1-424b-9868-57a2d4851a1d" relativeResultsDirectory="f1f16528-55ba-44c0-a8d8-5b4a53e9ee47" />
    <UnitTestResult executionId="8330d4c8-025f-4a90-a1db-4d5c6212e66f" testId="97fed8fd-b352-fb62-eade-4e060f747fb6" testName="PeoplePresentAreNotAdded(name: &quot;Dick&quot;)" computerName="NBK4152321" duration="00:00:00.0026438" startTime="2020-05-18T21:56:47.4707527+02:00" endTime="2020-05-18T21:56:47.4707560+02:00" testType="13cdc9d9-ddb5-4fa4-a97d-d965ccfc6d4b" outcome="Passed" testListId="8c84fa94-04c1-424b-9868-57a2d4851a1d" relativeResultsDirectory="8330d4c8-025f-4a90-a1db-4d5c6212e66f" />
    <UnitTestResult executionId="e61436b4-5ef5-4a2d-8518-733fa63b6d93" testId="684553a4-3c3a-e62a-dfc2-d45dff508278" testName="ReturnsPhotoUrl(id: -1)" computerName="NBK4152321" duration="00:00:00.0000151" startTime="2020-05-18T21:56:47.3253720+02:00" endTime="2020-05-18T21:56:47.3253737+02:00" testType="13cdc9d9-ddb5-4fa4-a97d-d965ccfc6d4b" outcome="Passed" testListId="8c84fa94-04c1-424b-9868-57a2d4851a1d" relativeResultsDirectory="e61436b4-5ef5-4a2d-8518-733fa63b6d93" />
    <UnitTestResult executionId="4f93e61f-6307-4849-a359-36bb42326ad1" testId="3534b24c-da6a-929c-b347-8966c071ce7f" testName="ReturnsPhotoUrl(id: 1)" computerName="NBK4152321" duration="00:00:00.0000363" startTime="2020-05-18T21:56:47.2993447+02:00" endTime="2020-05-18T21:56:47.2993468+02:00" testType="13cdc9d9-ddb5-4fa4-a97d-d965ccfc6d4b" outcome="Passed" testListId="8c84fa94-04c1-424b-9868-57a2d4851a1d" relativeResultsDirectory="4f93e61f-6307-4849-a359-36bb42326ad1" />
    <UnitTestResult executionId="015de50e-b301-450d-b0ee-c3c74d4bba23" testId="c9e4c47d-e4ba-7a18-0b75-8ca423d946b2" testName="Nationality(value: null)" computerName="NBK4152321" duration="00:00:00.0000115" startTime="2020-05-18T21:56:47.3251019+02:00" endTime="2020-05-18T21:56:47.3251036+02:00" testType="13cdc9d9-ddb5-4fa4-a97d-d965ccfc6d4b" outcome="Passed" testListId="8c84fa94-04c1-424b-9868-57a2d4851a1d" relativeResultsDirectory="015de50e-b301-450d-b0ee-c3c74d4bba23" />
    <UnitTestResult executionId="e0d39e7a-0071-4232-b258-943e2e47a8de" testId="25ef05a2-3cb7-ab19-b1a2-2c8faec9fc34" testName="Nationality(value: &quot;&quot;)" computerName="NBK4152321" duration="00:00:00.0000093" startTime="2020-05-18T21:56:47.3252971+02:00" endTime="2020-05-18T21:56:47.3252990+02:00" testType="13cdc9d9-ddb5-4fa4-a97d-d965ccfc6d4b" outcome="Passed" testListId="8c84fa94-04c1-424b-9868-57a2d4851a1d" relativeResultsDirectory="e0d39e7a-0071-4232-b258-943e2e47a8de" />
    <UnitTestResult executionId="e1455e57-9823-45d4-900e-d000ab185e26" testId="964cb299-ba93-0560-41cd-6e8cb1ee9948" testName="BirthDate(value: 2020-05-18T00:00:00.0000000+02:00)" computerName="NBK4152321" duration="00:00:00.0000118" startTime="2020-05-18T21:56:47.3202671+02:00" endTime="2020-05-18T21:56:47.3202687+02:00" testType="13cdc9d9-ddb5-4fa4-a97d-d965ccfc6d4b" outcome="Passed" testListId="8c84fa94-04c1-424b-9868-57a2d4851a1d" relativeResultsDirectory="e1455e57-9823-45d4-900e-d000ab185e26" />
  </Results>
  <TestDefinitions>
    <UnitTest name="ReturnsPhotoUrl(id: -1)" storage="/mnt/c/sources/repos/smoelenboek/centric.learning.smoelenboek/tst/centric.learning.smoelenboek.business.tests/bin/release/netcoreapp3.1/centric.learning.smoelenboek.business.tests.dll" id="684553a4-3c3a-e62a-dfc2-d45dff508278">
      <Execution id="e61436b4-5ef5-4a2d-8518-733fa63b6d93" />
      <TestMethod codeBase="/mnt/c/Sources/Repos/Smoelenboek/Centric.Learning.Smoelenboek/tst/Centric.Learning.Smoelenboek.Business.Tests/bin/Release/netcoreapp3.1/Centric.Learning.Smoelenboek.Business.Tests.dll" adapterTypeName="executor://xunit/VsTestRunner2/netcoreapp" className="Centric.Learning.Smoelenboek.Business.Tests.PersonTests+ImageUrlTests" name="WhenCalled_ReturnsRelativePhotoUrlContainingPersonId" />
    </UnitTest>
    <UnitTest name="BirthDate(value: 1900-01-01T00:00:00.0000000)" storage="/mnt/c/sources/repos/smoelenboek/centric.learning.smoelenboek/tst/centric.learning.smoelenboek.business.tests/bin/release/netcoreapp3.1/centric.learning.smoelenboek.business.tests.dll" id="dfcb5f93-5c9b-ebe2-376c-b844953015e7">
      <Execution id="13bfb29f-ae71-421c-a831-d6ddad88a90f" />
      <TestMethod codeBase="/mnt/c/Sources/Repos/Smoelenboek/Centric.Learning.Smoelenboek/tst/Centric.Learning.Smoelenboek.Business.Tests/bin/Release/netcoreapp3.1/Centric.Learning.Smoelenboek.Business.Tests.dll" adapterTypeName="executor://xunit/VsTestRunner2/netcoreapp" className="Centric.Learning.Smoelenboek.Business.Tests.PersonTests+BirthDateTests" name="WhenSet_ReturnsSetValue" />
    </UnitTest>
    <UnitTest name="PersonId(value: 1)" storage="/mnt/c/sources/repos/smoelenboek/centric.learning.smoelenboek/tst/centric.learning.smoelenboek.business.tests/bin/release/netcoreapp3.1/centric.learning.smoelenboek.business.tests.dll" id="95eab1f0-7964-d181-23b5-01721380f853">
      <Execution id="17ee2c4f-d153-4ba1-802b-185f8c549603" />
      <TestMethod codeBase="/mnt/c/Sources/Repos/Smoelenboek/Centric.Learning.Smoelenboek/tst/Centric.Learning.Smoelenboek.Business.Tests/bin/Release/netcoreapp3.1/Centric.Learning.Smoelenboek.Business.Tests.dll" adapterTypeName="executor://xunit/VsTestRunner2/netcoreapp" className="Centric.Learning.Smoelenboek.Business.Tests.PersonTests+PersonIdTests" name="WhenSet_ReturnsSetValue" />
    </UnitTest>
    <UnitTest name="PersonId(value: 2147483647)" storage="/mnt/c/sources/repos/smoelenboek/centric.learning.smoelenboek/tst/centric.learning.smoelenboek.business.tests/bin/release/netcoreapp3.1/centric.learning.smoelenboek.business.tests.dll" id="d8efa613-b0e9-92dd-a6d3-5328f86fd6df">
      <Execution id="fc777f57-c20e-4b7c-b74c-4fc377fc7229" />
      <TestMethod codeBase="/mnt/c/Sources/Repos/Smoelenboek/Centric.Learning.Smoelenboek/tst/Centric.Learning.Smoelenboek.Business.Tests/bin/Release/netcoreapp3.1/Centric.Learning.Smoelenboek.Business.Tests.dll" adapterTypeName="executor://xunit/VsTestRunner2/netcoreapp" className="Centric.Learning.Smoelenboek.Business.Tests.PersonTests+PersonIdTests" name="WhenSet_ReturnsSetValue" />
    </UnitTest>
    <UnitTest name="ReturnsPhotoUrl(id: 1)" storage="/mnt/c/sources/repos/smoelenboek/centric.learning.smoelenboek/tst/centric.learning.smoelenboek.business.tests/bin/release/netcoreapp3.1/centric.learning.smoelenboek.business.tests.dll" id="3534b24c-da6a-929c-b347-8966c071ce7f">
      <Execution id="4f93e61f-6307-4849-a359-36bb42326ad1" />
      <TestMethod codeBase="/mnt/c/Sources/Repos/Smoelenboek/Centric.Learning.Smoelenboek/tst/Centric.Learning.Smoelenboek.Business.Tests/bin/Release/netcoreapp3.1/Centric.Learning.Smoelenboek.Business.Tests.dll" adapterTypeName="executor://xunit/VsTestRunner2/netcoreapp" className="Centric.Learning.Smoelenboek.Business.Tests.PersonTests+ImageUrlTests" name="WhenCalled_ReturnsRelativePhotoUrlContainingPersonId" />
    </UnitTest>
    <UnitTest name="BirthDate(value: 0001-01-01T00:00:00.0000000)" storage="/mnt/c/sources/repos/smoelenboek/centric.learning.smoelenboek/tst/centric.learning.smoelenboek.business.tests/bin/release/netcoreapp3.1/centric.learning.smoelenboek.business.tests.dll" id="ac72b107-1ca0-a700-fc1a-7d93ee1ce3cd">
      <Execution id="f06c7599-151f-4f2f-8f39-0ca174419501" />
      <TestMethod codeBase="/mnt/c/Sources/Repos/Smoelenboek/Centric.Learning.Smoelenboek/tst/Centric.Learning.Smoelenboek.Business.Tests/bin/Release/netcoreapp3.1/Centric.Learning.Smoelenboek.Business.Tests.dll" adapterTypeName="executor://xunit/VsTestRunner2/netcoreapp" className="Centric.Learning.Smoelenboek.Business.Tests.PersonTests+BirthDateTests" name="WhenSet_ReturnsSetValue" />
    </UnitTest>
    <UnitTest name="Nationality(value: &quot;testline&quot;)" storage="/mnt/c/sources/repos/smoelenboek/centric.learning.smoelenboek/tst/centric.learning.smoelenboek.business.tests/bin/release/netcoreapp3.1/centric.learning.smoelenboek.business.tests.dll" id="6ccacdf5-aec4-25b1-07c5-b4ec866ea351">
      <Execution id="3598ae19-748d-4b57-9304-2f1a17cabc01" />
      <TestMethod codeBase="/mnt/c/Sources/Repos/Smoelenboek/Centric.Learning.Smoelenboek/tst/Centric.Learning.Smoelenboek.Business.Tests/bin/Release/netcoreapp3.1/Centric.Learning.Smoelenboek.Business.Tests.dll" adapterTypeName="executor://xunit/VsTestRunner2/netcoreapp" className="Centric.Learning.Smoelenboek.Business.Tests.PersonTests+NatonalityTests" name="WhenSet_ReturnsSetValue" />
    </UnitTest>
    <UnitTest name="PersonId(value: 0)" storage="/mnt/c/sources/repos/smoelenboek/centric.learning.smoelenboek/tst/centric.learning.smoelenboek.business.tests/bin/release/netcoreapp3.1/centric.learning.smoelenboek.business.tests.dll" id="c737fef7-d753-85c3-0b69-627637fab85f">
      <Execution id="2eaddd75-2d58-4fad-83cc-6afacf6dcc07" />
      <TestMethod codeBase="/mnt/c/Sources/Repos/Smoelenboek/Centric.Learning.Smoelenboek/tst/Centric.Learning.Smoelenboek.Business.Tests/bin/Release/netcoreapp3.1/Centric.Learning.Smoelenboek.Business.Tests.dll" adapterTypeName="executor://xunit/VsTestRunner2/netcoreapp" className="Centric.Learning.Smoelenboek.Business.Tests.PersonTests+PersonIdTests" name="WhenSet_ReturnsSetValue" />
    </UnitTest>
    <UnitTest name="BirthDate(value: 2000-01-01T00:00:00.0000000)" storage="/mnt/c/sources/repos/smoelenboek/centric.learning.smoelenboek/tst/centric.learning.smoelenboek.business.tests/bin/release/netcoreapp3.1/centric.learning.smoelenboek.business.tests.dll" id="65d12714-bc65-d703-5012-41cf4701419e">
      <Execution id="d9748920-3543-4b65-8cf7-733eed97e1cb" />
      <TestMethod codeBase="/mnt/c/Sources/Repos/Smoelenboek/Centric.Learning.Smoelenboek/tst/Centric.Learning.Smoelenboek.Business.Tests/bin/Release/netcoreapp3.1/Centric.Learning.Smoelenboek.Business.Tests.dll" adapterTypeName="executor://xunit/VsTestRunner2/netcoreapp" className="Centric.Learning.Smoelenboek.Business.Tests.PersonTests+BirthDateTests" name="WhenSet_ReturnsSetValue" />
    </UnitTest>
    <UnitTest name="Nationality(value: &quot;12345678910111213141516171819202122232425262728293&quot;...)" storage="/mnt/c/sources/repos/smoelenboek/centric.learning.smoelenboek/tst/centric.learning.smoelenboek.business.tests/bin/release/netcoreapp3.1/centric.learning.smoelenboek.business.tests.dll" id="1543dcfd-21f2-670b-146c-2597900e2b42">
      <Execution id="2d478d1e-ed58-4a3d-9312-a1fbea1bd5ce" />
      <TestMethod codeBase="/mnt/c/Sources/Repos/Smoelenboek/Centric.Learning.Smoelenboek/tst/Centric.Learning.Smoelenboek.Business.Tests/bin/Release/netcoreapp3.1/Centric.Learning.Smoelenboek.Business.Tests.dll" adapterTypeName="executor://xunit/VsTestRunner2/netcoreapp" className="Centric.Learning.Smoelenboek.Business.Tests.PersonTests+NatonalityTests" name="WhenSet_ReturnsSetValue" />
    </UnitTest>
    <UnitTest name="Nationality(value: &quot;&quot;)" storage="/mnt/c/sources/repos/smoelenboek/centric.learning.smoelenboek/tst/centric.learning.smoelenboek.business.tests/bin/release/netcoreapp3.1/centric.learning.smoelenboek.business.tests.dll" id="25ef05a2-3cb7-ab19-b1a2-2c8faec9fc34">
      <Execution id="e0d39e7a-0071-4232-b258-943e2e47a8de" />
      <TestMethod codeBase="/mnt/c/Sources/Repos/Smoelenboek/Centric.Learning.Smoelenboek/tst/Centric.Learning.Smoelenboek.Business.Tests/bin/Release/netcoreapp3.1/Centric.Learning.Smoelenboek.Business.Tests.dll" adapterTypeName="executor://xunit/VsTestRunner2/netcoreapp" className="Centric.Learning.Smoelenboek.Business.Tests.PersonTests+NatonalityTests" name="WhenSet_ReturnsSetValue" />
    </UnitTest>
    <UnitTest name="PersonId(value: -1)" storage="/mnt/c/sources/repos/smoelenboek/centric.learning.smoelenboek/tst/centric.learning.smoelenboek.business.tests/bin/release/netcoreapp3.1/centric.learning.smoelenboek.business.tests.dll" id="7b8350a8-f9d6-81a5-d2c1-b781c15cd156">
      <Execution id="788982f9-a9e2-4761-945d-9b9692772c8e" />
      <TestMethod codeBase="/mnt/c/Sources/Repos/Smoelenboek/Centric.Learning.Smoelenboek/tst/Centric.Learning.Smoelenboek.Business.Tests/bin/Release/netcoreapp3.1/Centric.Learning.Smoelenboek.Business.Tests.dll" adapterTypeName="executor://xunit/VsTestRunner2/netcoreapp" className="Centric.Learning.Smoelenboek.Business.Tests.PersonTests+PersonIdTests" name="WhenSet_ReturnsSetValue" />
    </UnitTest>
    <UnitTest name="PersonId(value: -2147483648)" storage="/mnt/c/sources/repos/smoelenboek/centric.learning.smoelenboek/tst/centric.learning.smoelenboek.business.tests/bin/release/netcoreapp3.1/centric.learning.smoelenboek.business.tests.dll" id="eff1e9fe-2d1d-dc40-7308-ce9a06d48abb">
      <Execution id="79795a10-25be-45e1-ad86-32fe7429aad5" />
      <TestMethod codeBase="/mnt/c/Sources/Repos/Smoelenboek/Centric.Learning.Smoelenboek/tst/Centric.Learning.Smoelenboek.Business.Tests/bin/Release/netcoreapp3.1/Centric.Learning.Smoelenboek.Business.Tests.dll" adapterTypeName="executor://xunit/VsTestRunner2/netcoreapp" className="Centric.Learning.Smoelenboek.Business.Tests.PersonTests+PersonIdTests" name="WhenSet_ReturnsSetValue" />
    </UnitTest>
    <UnitTest name="Nationality(value: null)" storage="/mnt/c/sources/repos/smoelenboek/centric.learning.smoelenboek/tst/centric.learning.smoelenboek.business.tests/bin/release/netcoreapp3.1/centric.learning.smoelenboek.business.tests.dll" id="c9e4c47d-e4ba-7a18-0b75-8ca423d946b2">
      <Execution id="015de50e-b301-450d-b0ee-c3c74d4bba23" />
      <TestMethod codeBase="/mnt/c/Sources/Repos/Smoelenboek/Centric.Learning.Smoelenboek/tst/Centric.Learning.Smoelenboek.Business.Tests/bin/Release/netcoreapp3.1/Centric.Learning.Smoelenboek.Business.Tests.dll" adapterTypeName="executor://xunit/VsTestRunner2/netcoreapp" className="Centric.Learning.Smoelenboek.Business.Tests.PersonTests+NatonalityTests" name="WhenSet_ReturnsSetValue" />
    </UnitTest>
    <UnitTest name="PeoplePresentAreNotAdded(name: &quot;Hans&quot;)" storage="/mnt/c/sources/repos/smoelenboek/centric.learning.smoelenboek/tst/centric.learning.smoelenboek.business.tests/bin/release/netcoreapp3.1/centric.learning.smoelenboek.business.tests.dll" id="dee5a526-7e66-a1c2-8a10-21acdf19ce09">
      <Execution id="f1f16528-55ba-44c0-a8d8-5b4a53e9ee47" />
      <TestMethod codeBase="/mnt/c/Sources/Repos/Smoelenboek/Centric.Learning.Smoelenboek/tst/Centric.Learning.Smoelenboek.Business.Tests/bin/Release/netcoreapp3.1/Centric.Learning.Smoelenboek.Business.Tests.dll" adapterTypeName="executor://xunit/VsTestRunner2/netcoreapp" className="Centric.Learning.Smoelenboek.Business.Tests.InitializerTests+InitialiseTests" name="WhenPersonIsPresent_DoNotAddPerson" />
    </UnitTest>
    <UnitTest name="Name(value: &quot;&quot;)" storage="/mnt/c/sources/repos/smoelenboek/centric.learning.smoelenboek/tst/centric.learning.smoelenboek.business.tests/bin/release/netcoreapp3.1/centric.learning.smoelenboek.business.tests.dll" id="995a544b-4ccf-5a1c-1868-8838f4be29a7">
      <Execution id="9fe66a63-fc2a-4392-ac69-c00be114521f" />
      <TestMethod codeBase="/mnt/c/Sources/Repos/Smoelenboek/Centric.Learning.Smoelenboek/tst/Centric.Learning.Smoelenboek.Business.Tests/bin/Release/netcoreapp3.1/Centric.Learning.Smoelenboek.Business.Tests.dll" adapterTypeName="executor://xunit/VsTestRunner2/netcoreapp" className="Centric.Learning.Smoelenboek.Business.Tests.PersonTests+NameTests" name="WhenSet_ReturnsSetValue" />
    </UnitTest>
    <UnitTest name="BirthDate(value: 9999-12-31T23:59:59.9999999)" storage="/mnt/c/sources/repos/smoelenboek/centric.learning.smoelenboek/tst/centric.learning.smoelenboek.business.tests/bin/release/netcoreapp3.1/centric.learning.smoelenboek.business.tests.dll" id="141af9ae-40fc-c8a6-5641-5e709681a481">
      <Execution id="f62d5a5f-75e6-4e59-b822-7d5a5bf81798" />
      <TestMethod codeBase="/mnt/c/Sources/Repos/Smoelenboek/Centric.Learning.Smoelenboek/tst/Centric.Learning.Smoelenboek.Business.Tests/bin/Release/netcoreapp3.1/Centric.Learning.Smoelenboek.Business.Tests.dll" adapterTypeName="executor://xunit/VsTestRunner2/netcoreapp" className="Centric.Learning.Smoelenboek.Business.Tests.PersonTests+BirthDateTests" name="WhenSet_ReturnsSetValue" />
    </UnitTest>
    <UnitTest name="PersonId(value: 10)" storage="/mnt/c/sources/repos/smoelenboek/centric.learning.smoelenboek/tst/centric.learning.smoelenboek.business.tests/bin/release/netcoreapp3.1/centric.learning.smoelenboek.business.tests.dll" id="a29d2473-31a0-7444-498e-63b2f8cf05b9">
      <Execution id="281a7eda-01d6-4bd0-af1e-ac83988f6abb" />
      <TestMethod codeBase="/mnt/c/Sources/Repos/Smoelenboek/Centric.Learning.Smoelenboek/tst/Centric.Learning.Smoelenboek.Business.Tests/bin/Release/netcoreapp3.1/Centric.Learning.Smoelenboek.Business.Tests.dll" adapterTypeName="executor://xunit/VsTestRunner2/netcoreapp" className="Centric.Learning.Smoelenboek.Business.Tests.PersonTests+PersonIdTests" name="WhenSet_ReturnsSetValue" />
    </UnitTest>
    <UnitTest name="Name(value: &quot;12345678910111213141516171819202122232425262728293&quot;...)" storage="/mnt/c/sources/repos/smoelenboek/centric.learning.smoelenboek/tst/centric.learning.smoelenboek.business.tests/bin/release/netcoreapp3.1/centric.learning.smoelenboek.business.tests.dll" id="90a86e47-a96b-05e5-2eb5-e5bfe1c7960d">
      <Execution id="ac1793f5-795c-4c30-8057-7bd19058faa8" />
      <TestMethod codeBase="/mnt/c/Sources/Repos/Smoelenboek/Centric.Learning.Smoelenboek/tst/Centric.Learning.Smoelenboek.Business.Tests/bin/Release/netcoreapp3.1/Centric.Learning.Smoelenboek.Business.Tests.dll" adapterTypeName="executor://xunit/VsTestRunner2/netcoreapp" className="Centric.Learning.Smoelenboek.Business.Tests.PersonTests+NameTests" name="WhenSet_ReturnsSetValue" />
    </UnitTest>
    <UnitTest name="ReturnsPhotoUrl(id: -10)" storage="/mnt/c/sources/repos/smoelenboek/centric.learning.smoelenboek/tst/centric.learning.smoelenboek.business.tests/bin/release/netcoreapp3.1/centric.learning.smoelenboek.business.tests.dll" id="a246599f-430d-d956-7fe0-3d599abd9312">
      <Execution id="beb61ee7-83a4-4fde-832c-283c09943272" />
      <TestMethod codeBase="/mnt/c/Sources/Repos/Smoelenboek/Centric.Learning.Smoelenboek/tst/Centric.Learning.Smoelenboek.Business.Tests/bin/Release/netcoreapp3.1/Centric.Learning.Smoelenboek.Business.Tests.dll" adapterTypeName="executor://xunit/VsTestRunner2/netcoreapp" className="Centric.Learning.Smoelenboek.Business.Tests.PersonTests+ImageUrlTests" name="WhenCalled_ReturnsRelativePhotoUrlContainingPersonId" />
    </UnitTest>
    <UnitTest name="PeopleNotPresentAreAdded(name: &quot;Dick&quot;)" storage="/mnt/c/sources/repos/smoelenboek/centric.learning.smoelenboek/tst/centric.learning.smoelenboek.business.tests/bin/release/netcoreapp3.1/centric.learning.smoelenboek.business.tests.dll" id="7cbb2446-8bc2-f24b-abbd-c104051ec19e">
      <Execution id="e4e34f57-304a-4001-8194-6f3959605cac" />
      <TestMethod codeBase="/mnt/c/Sources/Repos/Smoelenboek/Centric.Learning.Smoelenboek/tst/Centric.Learning.Smoelenboek.Business.Tests/bin/Release/netcoreapp3.1/Centric.Learning.Smoelenboek.Business.Tests.dll" adapterTypeName="executor://xunit/VsTestRunner2/netcoreapp" className="Centric.Learning.Smoelenboek.Business.Tests.InitializerTests+InitialiseTests" name="WhenPersonIsNotPresent_PersonIsAddedWithJpegImage" />
    </UnitTest>
    <UnitTest name="ReturnsPhotoUrl(id: -2147483648)" storage="/mnt/c/sources/repos/smoelenboek/centric.learning.smoelenboek/tst/centric.learning.smoelenboek.business.tests/bin/release/netcoreapp3.1/centric.learning.smoelenboek.business.tests.dll" id="29d702e8-a2b9-38f4-1238-f0ea6ab717fe">
      <Execution id="69d9121d-0577-4334-9204-b42e444e9788" />
      <TestMethod codeBase="/mnt/c/Sources/Repos/Smoelenboek/Centric.Learning.Smoelenboek/tst/Centric.Learning.Smoelenboek.Business.Tests/bin/Release/netcoreapp3.1/Centric.Learning.Smoelenboek.Business.Tests.dll" adapterTypeName="executor://xunit/VsTestRunner2/netcoreapp" className="Centric.Learning.Smoelenboek.Business.Tests.PersonTests+ImageUrlTests" name="WhenCalled_ReturnsRelativePhotoUrlContainingPersonId" />
    </UnitTest>
    <UnitTest name="ReturnsPhotoUrl(id: 0)" storage="/mnt/c/sources/repos/smoelenboek/centric.learning.smoelenboek/tst/centric.learning.smoelenboek.business.tests/bin/release/netcoreapp3.1/centric.learning.smoelenboek.business.tests.dll" id="7d3ebd9e-49ec-4494-9a5f-987b7dbb1a43">
      <Execution id="df1d37b7-d981-442d-8fb0-97637021b69c" />
      <TestMethod codeBase="/mnt/c/Sources/Repos/Smoelenboek/Centric.Learning.Smoelenboek/tst/Centric.Learning.Smoelenboek.Business.Tests/bin/Release/netcoreapp3.1/Centric.Learning.Smoelenboek.Business.Tests.dll" adapterTypeName="executor://xunit/VsTestRunner2/netcoreapp" className="Centric.Learning.Smoelenboek.Business.Tests.PersonTests+ImageUrlTests" name="WhenCalled_ReturnsRelativePhotoUrlContainingPersonId" />
    </UnitTest>
    <UnitTest name="PeoplePresentAreNotAdded(name: &quot;Dick&quot;)" storage="/mnt/c/sources/repos/smoelenboek/centric.learning.smoelenboek/tst/centric.learning.smoelenboek.business.tests/bin/release/netcoreapp3.1/centric.learning.smoelenboek.business.tests.dll" id="97fed8fd-b352-fb62-eade-4e060f747fb6">
      <Execution id="8330d4c8-025f-4a90-a1db-4d5c6212e66f" />
      <TestMethod codeBase="/mnt/c/Sources/Repos/Smoelenboek/Centric.Learning.Smoelenboek/tst/Centric.Learning.Smoelenboek.Business.Tests/bin/Release/netcoreapp3.1/Centric.Learning.Smoelenboek.Business.Tests.dll" adapterTypeName="executor://xunit/VsTestRunner2/netcoreapp" className="Centric.Learning.Smoelenboek.Business.Tests.InitializerTests+InitialiseTests" name="WhenPersonIsPresent_DoNotAddPerson" />
    </UnitTest>
    <UnitTest name="PeopleNotPresentAreAdded(name: &quot;Hans&quot;)" storage="/mnt/c/sources/repos/smoelenboek/centric.learning.smoelenboek/tst/centric.learning.smoelenboek.business.tests/bin/release/netcoreapp3.1/centric.learning.smoelenboek.business.tests.dll" id="48b0930a-7164-1fc9-de95-b724e9191db9">
      <Execution id="2f68bbe3-ea21-4888-bb63-d9eee81040f4" />
      <TestMethod codeBase="/mnt/c/Sources/Repos/Smoelenboek/Centric.Learning.Smoelenboek/tst/Centric.Learning.Smoelenboek.Business.Tests/bin/Release/netcoreapp3.1/Centric.Learning.Smoelenboek.Business.Tests.dll" adapterTypeName="executor://xunit/VsTestRunner2/netcoreapp" className="Centric.Learning.Smoelenboek.Business.Tests.InitializerTests+InitialiseTests" name="WhenPersonIsNotPresent_PersonIsAddedWithJpegImage" />
    </UnitTest>
    <UnitTest name="BirthDate(value: 1782-09-05T00:00:00.0000000)" storage="/mnt/c/sources/repos/smoelenboek/centric.learning.smoelenboek/tst/centric.learning.smoelenboek.business.tests/bin/release/netcoreapp3.1/centric.learning.smoelenboek.business.tests.dll" id="90f48ecf-064d-e89f-bb4a-58f44108863c">
      <Execution id="e2d7d59b-7e42-4653-84fc-668afcc88e5f" />
      <TestMethod codeBase="/mnt/c/Sources/Repos/Smoelenboek/Centric.Learning.Smoelenboek/tst/Centric.Learning.Smoelenboek.Business.Tests/bin/Release/netcoreapp3.1/Centric.Learning.Smoelenboek.Business.Tests.dll" adapterTypeName="executor://xunit/VsTestRunner2/netcoreapp" className="Centric.Learning.Smoelenboek.Business.Tests.PersonTests+BirthDateTests" name="WhenSet_ReturnsSetValue" />
    </UnitTest>
    <UnitTest name="ReturnsPhotoUrl(id: 2147483647)" storage="/mnt/c/sources/repos/smoelenboek/centric.learning.smoelenboek/tst/centric.learning.smoelenboek.business.tests/bin/release/netcoreapp3.1/centric.learning.smoelenboek.business.tests.dll" id="6a552384-d06c-602d-fdab-740ceb404074">
      <Execution id="b3a9f00c-b1a7-4f29-9d7a-fb0774253cac" />
      <TestMethod codeBase="/mnt/c/Sources/Repos/Smoelenboek/Centric.Learning.Smoelenboek/tst/Centric.Learning.Smoelenboek.Business.Tests/bin/Release/netcoreapp3.1/Centric.Learning.Smoelenboek.Business.Tests.dll" adapterTypeName="executor://xunit/VsTestRunner2/netcoreapp" className="Centric.Learning.Smoelenboek.Business.Tests.PersonTests+ImageUrlTests" name="WhenCalled_ReturnsRelativePhotoUrlContainingPersonId" />
    </UnitTest>
    <UnitTest name="Name(value: &quot;testline&quot;)" storage="/mnt/c/sources/repos/smoelenboek/centric.learning.smoelenboek/tst/centric.learning.smoelenboek.business.tests/bin/release/netcoreapp3.1/centric.learning.smoelenboek.business.tests.dll" id="89bcd582-0c41-e159-240a-8b7199f89487">
      <Execution id="0ac387ff-fbbe-4526-95fb-3a9e8cd9963f" />
      <TestMethod codeBase="/mnt/c/Sources/Repos/Smoelenboek/Centric.Learning.Smoelenboek/tst/Centric.Learning.Smoelenboek.Business.Tests/bin/Release/netcoreapp3.1/Centric.Learning.Smoelenboek.Business.Tests.dll" adapterTypeName="executor://xunit/VsTestRunner2/netcoreapp" className="Centric.Learning.Smoelenboek.Business.Tests.PersonTests+NameTests" name="WhenSet_ReturnsSetValue" />
    </UnitTest>
    <UnitTest name="Name(value: null)" storage="/mnt/c/sources/repos/smoelenboek/centric.learning.smoelenboek/tst/centric.learning.smoelenboek.business.tests/bin/release/netcoreapp3.1/centric.learning.smoelenboek.business.tests.dll" id="560e7b09-d8ae-ca54-53c7-1fbf98ea90fc">
      <Execution id="c4f1a7e9-5af3-4f5b-a829-be2066b140e0" />
      <TestMethod codeBase="/mnt/c/Sources/Repos/Smoelenboek/Centric.Learning.Smoelenboek/tst/Centric.Learning.Smoelenboek.Business.Tests/bin/Release/netcoreapp3.1/Centric.Learning.Smoelenboek.Business.Tests.dll" adapterTypeName="executor://xunit/VsTestRunner2/netcoreapp" className="Centric.Learning.Smoelenboek.Business.Tests.PersonTests+NameTests" name="WhenSet_ReturnsSetValue" />
    </UnitTest>
    <UnitTest name="BirthDate(value: 2020-05-18T00:00:00.0000000+02:00)" storage="/mnt/c/sources/repos/smoelenboek/centric.learning.smoelenboek/tst/centric.learning.smoelenboek.business.tests/bin/release/netcoreapp3.1/centric.learning.smoelenboek.business.tests.dll" id="964cb299-ba93-0560-41cd-6e8cb1ee9948">
      <Execution id="e1455e57-9823-45d4-900e-d000ab185e26" />
      <TestMethod codeBase="/mnt/c/Sources/Repos/Smoelenboek/Centric.Learning.Smoelenboek/tst/Centric.Learning.Smoelenboek.Business.Tests/bin/Release/netcoreapp3.1/Centric.Learning.Smoelenboek.Business.Tests.dll" adapterTypeName="executor://xunit/VsTestRunner2/netcoreapp" className="Centric.Learning.Smoelenboek.Business.Tests.PersonTests+BirthDateTests" name="WhenSet_ReturnsSetValue" />
    </UnitTest>
    <UnitTest name="PersonId(value: -10)" storage="/mnt/c/sources/repos/smoelenboek/centric.learning.smoelenboek/tst/centric.learning.smoelenboek.business.tests/bin/release/netcoreapp3.1/centric.learning.smoelenboek.business.tests.dll" id="36096c7a-3a4b-8558-cd8a-f63e2e559a94">
      <Execution id="2cacc4f2-8ab9-4655-b346-8335fd79534d" />
      <TestMethod codeBase="/mnt/c/Sources/Repos/Smoelenboek/Centric.Learning.Smoelenboek/tst/Centric.Learning.Smoelenboek.Business.Tests/bin/Release/netcoreapp3.1/Centric.Learning.Smoelenboek.Business.Tests.dll" adapterTypeName="executor://xunit/VsTestRunner2/netcoreapp" className="Centric.Learning.Smoelenboek.Business.Tests.PersonTests+PersonIdTests" name="WhenSet_ReturnsSetValue" />
    </UnitTest>
    <UnitTest name="ReturnsPhotoUrl(id: 10)" storage="/mnt/c/sources/repos/smoelenboek/centric.learning.smoelenboek/tst/centric.learning.smoelenboek.business.tests/bin/release/netcoreapp3.1/centric.learning.smoelenboek.business.tests.dll" id="3bcd6e2c-38d5-6f98-2b57-bbb84d3b75e8">
      <Execution id="ecc62671-e54c-4570-b5ec-4a2d01e123e2" />
      <TestMethod codeBase="/mnt/c/Sources/Repos/Smoelenboek/Centric.Learning.Smoelenboek/tst/Centric.Learning.Smoelenboek.Business.Tests/bin/Release/netcoreapp3.1/Centric.Learning.Smoelenboek.Business.Tests.dll" adapterTypeName="executor://xunit/VsTestRunner2/netcoreapp" className="Centric.Learning.Smoelenboek.Business.Tests.PersonTests+ImageUrlTests" name="WhenCalled_ReturnsRelativePhotoUrlContainingPersonId" />
    </UnitTest>
  </TestDefinitions>
  <TestEntries>
    <TestEntry testId="a29d2473-31a0-7444-498e-63b2f8cf05b9" executionId="281a7eda-01d6-4bd0-af1e-ac83988f6abb" testListId="8c84fa94-04c1-424b-9868-57a2d4851a1d" />
    <TestEntry testId="48b0930a-7164-1fc9-de95-b724e9191db9" executionId="2f68bbe3-ea21-4888-bb63-d9eee81040f4" testListId="8c84fa94-04c1-424b-9868-57a2d4851a1d" />
    <TestEntry testId="560e7b09-d8ae-ca54-53c7-1fbf98ea90fc" executionId="c4f1a7e9-5af3-4f5b-a829-be2066b140e0" testListId="8c84fa94-04c1-424b-9868-57a2d4851a1d" />
    <TestEntry testId="eff1e9fe-2d1d-dc40-7308-ce9a06d48abb" executionId="79795a10-25be-45e1-ad86-32fe7429aad5" testListId="8c84fa94-04c1-424b-9868-57a2d4851a1d" />
    <TestEntry testId="995a544b-4ccf-5a1c-1868-8838f4be29a7" executionId="9fe66a63-fc2a-4392-ac69-c00be114521f" testListId="8c84fa94-04c1-424b-9868-57a2d4851a1d" />
    <TestEntry testId="89bcd582-0c41-e159-240a-8b7199f89487" executionId="0ac387ff-fbbe-4526-95fb-3a9e8cd9963f" testListId="8c84fa94-04c1-424b-9868-57a2d4851a1d" />
    <TestEntry testId="1543dcfd-21f2-670b-146c-2597900e2b42" executionId="2d478d1e-ed58-4a3d-9312-a1fbea1bd5ce" testListId="8c84fa94-04c1-424b-9868-57a2d4851a1d" />
    <TestEntry testId="6a552384-d06c-602d-fdab-740ceb404074" executionId="b3a9f00c-b1a7-4f29-9d7a-fb0774253cac" testListId="8c84fa94-04c1-424b-9868-57a2d4851a1d" />
    <TestEntry testId="29d702e8-a2b9-38f4-1238-f0ea6ab717fe" executionId="69d9121d-0577-4334-9204-b42e444e9788" testListId="8c84fa94-04c1-424b-9868-57a2d4851a1d" />
    <TestEntry testId="dfcb5f93-5c9b-ebe2-376c-b844953015e7" executionId="13bfb29f-ae71-421c-a831-d6ddad88a90f" testListId="8c84fa94-04c1-424b-9868-57a2d4851a1d" />
    <TestEntry testId="141af9ae-40fc-c8a6-5641-5e709681a481" executionId="f62d5a5f-75e6-4e59-b822-7d5a5bf81798" testListId="8c84fa94-04c1-424b-9868-57a2d4851a1d" />
    <TestEntry testId="d8efa613-b0e9-92dd-a6d3-5328f86fd6df" executionId="fc777f57-c20e-4b7c-b74c-4fc377fc7229" testListId="8c84fa94-04c1-424b-9868-57a2d4851a1d" />
    <TestEntry testId="7cbb2446-8bc2-f24b-abbd-c104051ec19e" executionId="e4e34f57-304a-4001-8194-6f3959605cac" testListId="8c84fa94-04c1-424b-9868-57a2d4851a1d" />
    <TestEntry testId="6ccacdf5-aec4-25b1-07c5-b4ec866ea351" executionId="3598ae19-748d-4b57-9304-2f1a17cabc01" testListId="8c84fa94-04c1-424b-9868-57a2d4851a1d" />
    <TestEntry testId="a246599f-430d-d956-7fe0-3d599abd9312" executionId="beb61ee7-83a4-4fde-832c-283c09943272" testListId="8c84fa94-04c1-424b-9868-57a2d4851a1d" />
    <TestEntry testId="c737fef7-d753-85c3-0b69-627637fab85f" executionId="2eaddd75-2d58-4fad-83cc-6afacf6dcc07" testListId="8c84fa94-04c1-424b-9868-57a2d4851a1d" />
    <TestEntry testId="7b8350a8-f9d6-81a5-d2c1-b781c15cd156" executionId="788982f9-a9e2-4761-945d-9b9692772c8e" testListId="8c84fa94-04c1-424b-9868-57a2d4851a1d" />
    <TestEntry testId="ac72b107-1ca0-a700-fc1a-7d93ee1ce3cd" executionId="f06c7599-151f-4f2f-8f39-0ca174419501" testListId="8c84fa94-04c1-424b-9868-57a2d4851a1d" />
    <TestEntry testId="90f48ecf-064d-e89f-bb4a-58f44108863c" executionId="e2d7d59b-7e42-4653-84fc-668afcc88e5f" testListId="8c84fa94-04c1-424b-9868-57a2d4851a1d" />
    <TestEntry testId="7d3ebd9e-49ec-4494-9a5f-987b7dbb1a43" executionId="df1d37b7-d981-442d-8fb0-97637021b69c" testListId="8c84fa94-04c1-424b-9868-57a2d4851a1d" />
    <TestEntry testId="65d12714-bc65-d703-5012-41cf4701419e" executionId="d9748920-3543-4b65-8cf7-733eed97e1cb" testListId="8c84fa94-04c1-424b-9868-57a2d4851a1d" />
    <TestEntry testId="36096c7a-3a4b-8558-cd8a-f63e2e559a94" executionId="2cacc4f2-8ab9-4655-b346-8335fd79534d" testListId="8c84fa94-04c1-424b-9868-57a2d4851a1d" />
    <TestEntry testId="90a86e47-a96b-05e5-2eb5-e5bfe1c7960d" executionId="ac1793f5-795c-4c30-8057-7bd19058faa8" testListId="8c84fa94-04c1-424b-9868-57a2d4851a1d" />
    <TestEntry testId="3bcd6e2c-38d5-6f98-2b57-bbb84d3b75e8" executionId="ecc62671-e54c-4570-b5ec-4a2d01e123e2" testListId="8c84fa94-04c1-424b-9868-57a2d4851a1d" />
    <TestEntry testId="95eab1f0-7964-d181-23b5-01721380f853" executionId="17ee2c4f-d153-4ba1-802b-185f8c549603" testListId="8c84fa94-04c1-424b-9868-57a2d4851a1d" />
    <TestEntry testId="dee5a526-7e66-a1c2-8a10-21acdf19ce09" executionId="f1f16528-55ba-44c0-a8d8-5b4a53e9ee47" testListId="8c84fa94-04c1-424b-9868-57a2d4851a1d" />
    <TestEntry testId="97fed8fd-b352-fb62-eade-4e060f747fb6" executionId="8330d4c8-025f-4a90-a1db-4d5c6212e66f" testListId="8c84fa94-04c1-424b-9868-57a2d4851a1d" />
    <TestEntry testId="684553a4-3c3a-e62a-dfc2-d45dff508278" executionId="e61436b4-5ef5-4a2d-8518-733fa63b6d93" testListId="8c84fa94-04c1-424b-9868-57a2d4851a1d" />
    <TestEntry testId="3534b24c-da6a-929c-b347-8966c071ce7f" executionId="4f93e61f-6307-4849-a359-36bb42326ad1" testListId="8c84fa94-04c1-424b-9868-57a2d4851a1d" />
    <TestEntry testId="c9e4c47d-e4ba-7a18-0b75-8ca423d946b2" executionId="015de50e-b301-450d-b0ee-c3c74d4bba23" testListId="8c84fa94-04c1-424b-9868-57a2d4851a1d" />
    <TestEntry testId="25ef05a2-3cb7-ab19-b1a2-2c8faec9fc34" executionId="e0d39e7a-0071-4232-b258-943e2e47a8de" testListId="8c84fa94-04c1-424b-9868-57a2d4851a1d" />
    <TestEntry testId="964cb299-ba93-0560-41cd-6e8cb1ee9948" executionId="e1455e57-9823-45d4-900e-d000ab185e26" testListId="8c84fa94-04c1-424b-9868-57a2d4851a1d" />
  </TestEntries>
  <TestLists>
    <TestList name="Results Not in a List" id="8c84fa94-04c1-424b-9868-57a2d4851a1d" />
    <TestList name="All Loaded Results" id="19431567-8539-422a-85d7-44ee4e166bda" />
  </TestLists>
  <ResultSummary outcome="Completed">
    <Counters total="32" executed="32" passed="32" failed="0" error="0" timeout="0" aborted="0" inconclusive="0" passedButRunAborted="0" notRunnable="0" notExecuted="0" disconnected="0" warning="0" completed="0" inProgress="0" pending="0" />
    <Output>
      <StdOut>[xUnit.net 00:00:00.00] xUnit.net VSTest Adapter v2.4.0 (64-bit .NET Core 3.1.3)
[xUnit.net 00:00:01.28]   Discovering: Centric.Learning.Smoelenboek.Business.Tests
[xUnit.net 00:00:01.36]   Discovered:  Centric.Learning.Smoelenboek.Business.Tests
[xUnit.net 00:00:01.36]   Starting:    Centric.Learning.Smoelenboek.Business.Tests
[xUnit.net 00:00:01.65]   Finished:    Centric.Learning.Smoelenboek.Business.Tests
</StdOut>
    </Output>
  </ResultSummary>
</TestRun>