<?xml version="1.0" encoding="utf-8"?>
<TestRun id="68837948-26d8-4156-895f-dc03c26df12c" name="@NBK4152321 2020-05-18 21:50:14" xmlns="http://microsoft.com/schemas/VisualStudio/TeamTest/2010">
  <Times creation="2020-05-18T21:50:14.2833605+02:00" queuing="2020-05-18T21:50:14.2833625+02:00" start="2020-05-18T21:50:11.4387047+02:00" finish="2020-05-18T21:50:14.5093509+02:00" />
  <TestSettings name="default" id="11605a5e-12e4-4be0-8472-0108f9df5ca3">
    <Deployment runDeploymentRoot="_NBK4152321_2020-05-18_21_50_14" />
  </TestSettings>
  <Results>
    <UnitTestResult executionId="63648685-6c8d-42fc-9dc6-eba9c3dd09c3" testId="89bcd582-0c41-e159-240a-8b7199f89487" testName="Name(value: &quot;testline&quot;)" computerName="NBK4152321" duration="00:00:00.0000140" startTime="2020-05-18T21:50:14.2547928+02:00" endTime="2020-05-18T21:50:14.2547946+02:00" testType="13cdc9d9-ddb5-4fa4-a97d-d965ccfc6d4b" outcome="Passed" testListId="8c84fa94-04c1-424b-9868-57a2d4851a1d" relativeResultsDirectory="63648685-6c8d-42fc-9dc6-eba9c3dd09c3" />
    <UnitTestResult executionId="561544b4-2251-4cdb-a684-2221e1c455e1" testId="a246599f-430d-d956-7fe0-3d599abd9312" testName="ReturnsPhotoUrl(id: -10)" computerName="NBK4152321" duration="00:00:00.0069723" startTime="2020-05-18T21:50:14.2282008+02:00" endTime="2020-05-18T21:50:14.2282026+02:00" testType="13cdc9d9-ddb5-4fa4-a97d-d965ccfc6d4b" outcome="Passed" testListId="8c84fa94-04c1-424b-9868-57a2d4851a1d" relativeResultsDirectory="561544b4-2251-4cdb-a684-2221e1c455e1" />
    <UnitTestResult executionId="5df62f17-36b4-45fd-a6c9-611405682d21" testId="97fed8fd-b352-fb62-eade-4e060f747fb6" testName="PeoplePresentAreNotAdded(name: &quot;Dick&quot;)" computerName="NBK4152321" duration="00:00:00.0019255" startTime="2020-05-18T21:50:14.3957522+02:00" endTime="2020-05-18T21:50:14.3957571+02:00" testType="13cdc9d9-ddb5-4fa4-a97d-d965ccfc6d4b" outcome="Passed" testListId="8c84fa94-04c1-424b-9868-57a2d4851a1d" relativeResultsDirectory="5df62f17-36b4-45fd-a6c9-611405682d21" />
    <UnitTestResult executionId="14d0e6ee-685b-4f3a-935a-03af430dde58" testId="3bcd6e2c-38d5-6f98-2b57-bbb84d3b75e8" testName="ReturnsPhotoUrl(id: 10)" computerName="NBK4152321" duration="00:00:00.0000203" startTime="2020-05-18T21:50:14.2541833+02:00" endTime="2020-05-18T21:50:14.2541857+02:00" testType="13cdc9d9-ddb5-4fa4-a97d-d965ccfc6d4b" outcome="Passed" testListId="8c84fa94-04c1-424b-9868-57a2d4851a1d" relativeResultsDirectory="14d0e6ee-685b-4f3a-935a-03af430dde58" />
    <UnitTestResult executionId="5ddfe4f5-1d27-458f-96ab-73425b26c5a9" testId="a29d2473-31a0-7444-498e-63b2f8cf05b9" testName="PersonId(value: 10)" computerName="NBK4152321" duration="00:00:00.0000117" startTime="2020-05-18T21:50:14.2465229+02:00" endTime="2020-05-18T21:50:14.2465265+02:00" testType="13cdc9d9-ddb5-4fa4-a97d-d965ccfc6d4b" outcome="Passed" testListId="8c84fa94-04c1-424b-9868-57a2d4851a1d" relativeResultsDirectory="5ddfe4f5-1d27-458f-96ab-73425b26c5a9" />
    <UnitTestResult executionId="a6c91e00-6fa9-4c92-b44c-92d9beb335d4" testId="d8efa613-b0e9-92dd-a6d3-5328f86fd6df" testName="PersonId(value: 2147483647)" computerName="NBK4152321" duration="00:00:00.0000117" startTime="2020-05-18T21:50:14.2488196+02:00" endTime="2020-05-18T21:50:14.2488213+02:00" testType="13cdc9d9-ddb5-4fa4-a97d-d965ccfc6d4b" outcome="Passed" testListId="8c84fa94-04c1-424b-9868-57a2d4851a1d" relativeResultsDirectory="a6c91e00-6fa9-4c92-b44c-92d9beb335d4" />
    <UnitTestResult executionId="a4d3698c-e1b3-4456-9018-11619de21b6d" testId="6ccacdf5-aec4-25b1-07c5-b4ec866ea351" testName="Nationality(value: &quot;testline&quot;)" computerName="NBK4152321" duration="00:00:00.0000200" startTime="2020-05-18T21:50:14.2584105+02:00" endTime="2020-05-18T21:50:14.2584118+02:00" testType="13cdc9d9-ddb5-4fa4-a97d-d965ccfc6d4b" outcome="Passed" testListId="8c84fa94-04c1-424b-9868-57a2d4851a1d" relativeResultsDirectory="a4d3698c-e1b3-4456-9018-11619de21b6d" />
    <UnitTestResult executionId="8cd463c4-05b9-4147-8ed8-510c92f3a186" testId="560e7b09-d8ae-ca54-53c7-1fbf98ea90fc" testName="Name(value: null)" computerName="NBK4152321" duration="00:00:00.0000273" startTime="2020-05-18T21:50:14.2547135+02:00" endTime="2020-05-18T21:50:14.2547152+02:00" testType="13cdc9d9-ddb5-4fa4-a97d-d965ccfc6d4b" outcome="Passed" testListId="8c84fa94-04c1-424b-9868-57a2d4851a1d" relativeResultsDirectory="8cd463c4-05b9-4147-8ed8-510c92f3a186" />
    <UnitTestResult executionId="a6e027d8-56a3-45d5-bc17-8b25fce9ba44" testId="7b8350a8-f9d6-81a5-d2c1-b781c15cd156" testName="PersonId(value: -1)" computerName="NBK4152321" duration="00:00:00.0000109" startTime="2020-05-18T21:50:14.2493604+02:00" endTime="2020-05-18T21:50:14.2493621+02:00" testType="13cdc9d9-ddb5-4fa4-a97d-d965ccfc6d4b" outcome="Passed" testListId="8c84fa94-04c1-424b-9868-57a2d4851a1d" relativeResultsDirectory="a6e027d8-56a3-45d5-bc17-8b25fce9ba44" />
    <UnitTestResult executionId="b1310edc-916b-4b6c-867f-b892f5a665b2" testId="7cbb2446-8bc2-f24b-abbd-c104051ec19e" testName="PeopleNotPresentAreAdded(name: &quot;Dick&quot;)" computerName="NBK4152321" duration="00:00:00.0009751" startTime="2020-05-18T21:50:14.3936874+02:00" endTime="2020-05-18T21:50:14.3936899+02:00" testType="13cdc9d9-ddb5-4fa4-a97d-d965ccfc6d4b" outcome="Passed" testListId="8c84fa94-04c1-424b-9868-57a2d4851a1d" relativeResultsDirectory="b1310edc-916b-4b6c-867f-b892f5a665b2" />
    <UnitTestResult executionId="34f5dfcf-79e2-4fa1-912e-c9d1e4b34c87" testId="eff1e9fe-2d1d-dc40-7308-ce9a06d48abb" testName="PersonId(value: -2147483648)" computerName="NBK4152321" duration="00:00:00.0000106" startTime="2020-05-18T21:50:14.2491743+02:00" endTime="2020-05-18T21:50:14.2491760+02:00" testType="13cdc9d9-ddb5-4fa4-a97d-d965ccfc6d4b" outcome="Passed" testListId="8c84fa94-04c1-424b-9868-57a2d4851a1d" relativeResultsDirectory="34f5dfcf-79e2-4fa1-912e-c9d1e4b34c87" />
    <UnitTestResult executionId="bebc37f9-4095-4e50-9600-b5f5f59e19a6" testId="90f48ecf-064d-e89f-bb4a-58f44108863c" testName="BirthDate(value: 1782-09-05T00:00:00.0000000)" computerName="NBK4152321" duration="00:00:00.0000132" startTime="2020-05-18T21:50:14.2492929+02:00" endTime="2020-05-18T21:50:14.2492950+02:00" testType="13cdc9d9-ddb5-4fa4-a97d-d965ccfc6d4b" outcome="Passed" testListId="8c84fa94-04c1-424b-9868-57a2d4851a1d" relativeResultsDirectory="bebc37f9-4095-4e50-9600-b5f5f59e19a6" />
    <UnitTestResult executionId="e61d6afb-2649-4e13-888b-6aebb472abc7" testId="dee5a526-7e66-a1c2-8a10-21acdf19ce09" testName="PeoplePresentAreNotAdded(name: &quot;Hans&quot;)" computerName="NBK4152321" duration="00:00:00.0008241" startTime="2020-05-18T21:50:14.3967296+02:00" endTime="2020-05-18T21:50:14.3967348+02:00" testType="13cdc9d9-ddb5-4fa4-a97d-d965ccfc6d4b" outcome="Passed" testListId="8c84fa94-04c1-424b-9868-57a2d4851a1d" relativeResultsDirectory="e61d6afb-2649-4e13-888b-6aebb472abc7" />
    <UnitTestResult executionId="0f796df0-cb0d-4ea3-8e1a-9a17ee9bb89b" testId="6a552384-d06c-602d-fdab-740ceb404074" testName="ReturnsPhotoUrl(id: 2147483647)" computerName="NBK4152321" duration="00:00:00.0000149" startTime="2020-05-18T21:50:14.2540587+02:00" endTime="2020-05-18T21:50:14.2540607+02:00" testType="13cdc9d9-ddb5-4fa4-a97d-d965ccfc6d4b" outcome="Passed" testListId="8c84fa94-04c1-424b-9868-57a2d4851a1d" relativeResultsDirectory="0f796df0-cb0d-4ea3-8e1a-9a17ee9bb89b" />
    <UnitTestResult executionId="7951b428-a5d0-4bdd-b40b-5aafc482fc45" testId="95eab1f0-7964-d181-23b5-01721380f853" testName="PersonId(value: 1)" computerName="NBK4152321" duration="00:00:00.0000463" startTime="2020-05-18T21:50:14.2295580+02:00" endTime="2020-05-18T21:50:14.2295601+02:00" testType="13cdc9d9-ddb5-4fa4-a97d-d965ccfc6d4b" outcome="Passed" testListId="8c84fa94-04c1-424b-9868-57a2d4851a1d" relativeResultsDirectory="7951b428-a5d0-4bdd-b40b-5aafc482fc45" />
    <UnitTestResult executionId="2fcf0c09-ac2d-4c2e-af50-97acdd8b3b42" testId="90a86e47-a96b-05e5-2eb5-e5bfe1c7960d" testName="Name(value: &quot;12345678910111213141516171819202122232425262728293&quot;...)" computerName="NBK4152321" duration="00:00:00.0003665" startTime="2020-05-18T21:50:14.2546237+02:00" endTime="2020-05-18T21:50:14.2546257+02:00" testType="13cdc9d9-ddb5-4fa4-a97d-d965ccfc6d4b" outcome="Passed" testListId="8c84fa94-04c1-424b-9868-57a2d4851a1d" relativeResultsDirectory="2fcf0c09-ac2d-4c2e-af50-97acdd8b3b42" />
    <UnitTestResult executionId="688079a2-b5ed-408a-8483-20ee5534c54a" testId="1543dcfd-21f2-670b-146c-2597900e2b42" testName="Nationality(value: &quot;12345678910111213141516171819202122232425262728293&quot;...)" computerName="NBK4152321" duration="00:00:00.0005588" startTime="2020-05-18T21:50:14.2583524+02:00" endTime="2020-05-18T21:50:14.2583543+02:00" testType="13cdc9d9-ddb5-4fa4-a97d-d965ccfc6d4b" outcome="Passed" testListId="8c84fa94-04c1-424b-9868-57a2d4851a1d" relativeResultsDirectory="688079a2-b5ed-408a-8483-20ee5534c54a" />
    <UnitTestResult executionId="fc684258-8da0-4060-b702-e3df4c03b778" testId="c9e4c47d-e4ba-7a18-0b75-8ca423d946b2" testName="Nationality(value: null)" computerName="NBK4152321" duration="00:00:00.0000086" startTime="2020-05-18T21:50:14.2584618+02:00" endTime="2020-05-18T21:50:14.2584632+02:00" testType="13cdc9d9-ddb5-4fa4-a97d-d965ccfc6d4b" outcome="Passed" testListId="8c84fa94-04c1-424b-9868-57a2d4851a1d" relativeResultsDirectory="fc684258-8da0-4060-b702-e3df4c03b778" />
    <UnitTestResult executionId="291dac3a-6eb0-4b6b-a585-a59d21147bd3" testId="25ef05a2-3cb7-ab19-b1a2-2c8faec9fc34" testName="Nationality(value: &quot;&quot;)" computerName="NBK4152321" duration="00:00:00.0000077" startTime="2020-05-18T21:50:14.2585122+02:00" endTime="2020-05-18T21:50:14.2585135+02:00" testType="13cdc9d9-ddb5-4fa4-a97d-d965ccfc6d4b" outcome="Passed" testListId="8c84fa94-04c1-424b-9868-57a2d4851a1d" relativeResultsDirectory="291dac3a-6eb0-4b6b-a585-a59d21147bd3" />
    <UnitTestResult executionId="cb080e32-34d2-47d8-9435-978fc027bab8" testId="995a544b-4ccf-5a1c-1868-8838f4be29a7" testName="Name(value: &quot;&quot;)" computerName="NBK4152321" duration="00:00:00.0000131" startTime="2020-05-18T21:50:14.2582621+02:00" endTime="2020-05-18T21:50:14.2582649+02:00" testType="13cdc9d9-ddb5-4fa4-a97d-d965ccfc6d4b" outcome="Passed" testListId="8c84fa94-04c1-424b-9868-57a2d4851a1d" relativeResultsDirectory="cb080e32-34d2-47d8-9435-978fc027bab8" />
    <UnitTestResult executionId="4777c6c2-740b-48c3-9059-b84f7a3f0344" testId="36096c7a-3a4b-8558-cd8a-f63e2e559a94" testName="PersonId(value: -10)" computerName="NBK4152321" duration="00:00:00.0000135" startTime="2020-05-18T21:50:14.2296355+02:00" endTime="2020-05-18T21:50:14.2296369+02:00" testType="13cdc9d9-ddb5-4fa4-a97d-d965ccfc6d4b" outcome="Passed" testListId="8c84fa94-04c1-424b-9868-57a2d4851a1d" relativeResultsDirectory="4777c6c2-740b-48c3-9059-b84f7a3f0344" />
    <UnitTestResult executionId="10221339-0dd1-4006-baa7-2f7a098fe441" testId="3534b24c-da6a-929c-b347-8966c071ce7f" testName="ReturnsPhotoUrl(id: 1)" computerName="NBK4152321" duration="00:00:00.0000339" startTime="2020-05-18T21:50:14.2494754+02:00" endTime="2020-05-18T21:50:14.2494772+02:00" testType="13cdc9d9-ddb5-4fa4-a97d-d965ccfc6d4b" outcome="Passed" testListId="8c84fa94-04c1-424b-9868-57a2d4851a1d" relativeResultsDirectory="10221339-0dd1-4006-baa7-2f7a098fe441" />
    <UnitTestResult executionId="2b7e036e-07da-4c8f-b7be-f865f5a6464c" testId="684553a4-3c3a-e62a-dfc2-d45dff508278" testName="ReturnsPhotoUrl(id: -1)" computerName="NBK4152321" duration="00:00:00.0000225" startTime="2020-05-18T21:50:14.2542675+02:00" endTime="2020-05-18T21:50:14.2542693+02:00" testType="13cdc9d9-ddb5-4fa4-a97d-d965ccfc6d4b" outcome="Passed" testListId="8c84fa94-04c1-424b-9868-57a2d4851a1d" relativeResultsDirectory="2b7e036e-07da-4c8f-b7be-f865f5a6464c" />
    <UnitTestResult executionId="9d2f1ca6-dd7c-48cf-86a2-8f90291dde51" testId="65d12714-bc65-d703-5012-41cf4701419e" testName="BirthDate(value: 2000-01-01T00:00:00.0000000)" computerName="NBK4152321" duration="00:00:00.0000135" startTime="2020-05-18T21:50:14.2494296+02:00" endTime="2020-05-18T21:50:14.2494314+02:00" testType="13cdc9d9-ddb5-4fa4-a97d-d965ccfc6d4b" outcome="Passed" testListId="8c84fa94-04c1-424b-9868-57a2d4851a1d" relativeResultsDirectory="9d2f1ca6-dd7c-48cf-86a2-8f90291dde51" />
    <UnitTestResult executionId="a6d5c57e-f5ae-4d7a-b783-50b8b0fb51b4" testId="141af9ae-40fc-c8a6-5641-5e709681a481" testName="BirthDate(value: 9999-12-31T23:59:59.9999999)" computerName="NBK4152321" duration="00:00:00.0000370" startTime="2020-05-18T21:50:14.2296729+02:00" endTime="2020-05-18T21:50:14.2296742+02:00" testType="13cdc9d9-ddb5-4fa4-a97d-d965ccfc6d4b" outcome="Passed" testListId="8c84fa94-04c1-424b-9868-57a2d4851a1d" relativeResultsDirectory="a6d5c57e-f5ae-4d7a-b783-50b8b0fb51b4" />
    <UnitTestResult executionId="2e73b515-b173-4930-862a-20c3498fc1ca" testId="ac72b107-1ca0-a700-fc1a-7d93ee1ce3cd" testName="BirthDate(value: 0001-01-01T00:00:00.0000000)" computerName="NBK4152321" duration="00:00:00.0087717" startTime="2020-05-18T21:50:14.2282444+02:00" endTime="2020-05-18T21:50:14.2282457+02:00" testType="13cdc9d9-ddb5-4fa4-a97d-d965ccfc6d4b" outcome="Passed" testListId="8c84fa94-04c1-424b-9868-57a2d4851a1d" relativeResultsDirectory="2e73b515-b173-4930-862a-20c3498fc1ca" />
    <UnitTestResult executionId="e896eaca-b522-4051-b7f1-801c31a65935" testId="48b0930a-7164-1fc9-de95-b724e9191db9" testName="PeopleNotPresentAreAdded(name: &quot;Hans&quot;)" computerName="NBK4152321" duration="00:00:00.1961082" startTime="2020-05-18T21:50:14.3926151+02:00" endTime="2020-05-18T21:50:14.3926215+02:00" testType="13cdc9d9-ddb5-4fa4-a97d-d965ccfc6d4b" outcome="Passed" testListId="8c84fa94-04c1-424b-9868-57a2d4851a1d" relativeResultsDirectory="e896eaca-b522-4051-b7f1-801c31a65935" />
    <UnitTestResult executionId="0f0556c5-ebe8-41cc-84af-6002e6703bae" testId="c737fef7-d753-85c3-0b69-627637fab85f" testName="PersonId(value: 0)" computerName="NBK4152321" duration="00:00:00.0087901" startTime="2020-05-18T21:50:14.2239992+02:00" endTime="2020-05-18T21:50:14.2240600+02:00" testType="13cdc9d9-ddb5-4fa4-a97d-d965ccfc6d4b" outcome="Passed" testListId="8c84fa94-04c1-424b-9868-57a2d4851a1d" relativeResultsDirectory="0f0556c5-ebe8-41cc-84af-6002e6703bae" />
    <UnitTestResult executionId="8910a293-8784-44e9-b48f-2ae1c766be7c" testId="7d3ebd9e-49ec-4494-9a5f-987b7dbb1a43" testName="ReturnsPhotoUrl(id: 0)" computerName="NBK4152321" duration="00:00:00.0000149" startTime="2020-05-18T21:50:14.2539563+02:00" endTime="2020-05-18T21:50:14.2539588+02:00" testType="13cdc9d9-ddb5-4fa4-a97d-d965ccfc6d4b" outcome="Passed" testListId="8c84fa94-04c1-424b-9868-57a2d4851a1d" relativeResultsDirectory="8910a293-8784-44e9-b48f-2ae1c766be7c" />
    <UnitTestResult executionId="a0baffa1-4d9d-44ea-993a-fd78f9a18fc3" testId="dfcb5f93-5c9b-ebe2-376c-b844953015e7" testName="BirthDate(value: 1900-01-01T00:00:00.0000000)" computerName="NBK4152321" duration="00:00:00.0000152" startTime="2020-05-18T21:50:14.2486971+02:00" endTime="2020-05-18T21:50:14.2486995+02:00" testType="13cdc9d9-ddb5-4fa4-a97d-d965ccfc6d4b" outcome="Passed" testListId="8c84fa94-04c1-424b-9868-57a2d4851a1d" relativeResultsDirectory="a0baffa1-4d9d-44ea-993a-fd78f9a18fc3" />
    <UnitTestResult executionId="d8f17cc4-b732-4f2f-8367-156d68b96282" testId="964cb299-ba93-0560-41cd-6e8cb1ee9948" testName="BirthDate(value: 2020-05-18T00:00:00.0000000+02:00)" computerName="NBK4152321" duration="00:00:00.0000137" startTime="2020-05-18T21:50:14.2490839+02:00" endTime="2020-05-18T21:50:14.2490864+02:00" testType="13cdc9d9-ddb5-4fa4-a97d-d965ccfc6d4b" outcome="Passed" testListId="8c84fa94-04c1-424b-9868-57a2d4851a1d" relativeResultsDirectory="d8f17cc4-b732-4f2f-8367-156d68b96282" />
    <UnitTestResult executionId="b630145a-014f-4417-96b4-6c06e6ee2f17" testId="29d702e8-a2b9-38f4-1238-f0ea6ab717fe" testName="ReturnsPhotoUrl(id: -2147483648)" computerName="NBK4152321" duration="00:00:00.0000149" startTime="2020-05-18T21:50:14.2543458+02:00" endTime="2020-05-18T21:50:14.2543474+02:00" testType="13cdc9d9-ddb5-4fa4-a97d-d965ccfc6d4b" outcome="Passed" testListId="8c84fa94-04c1-424b-9868-57a2d4851a1d" relativeResultsDirectory="b630145a-014f-4417-96b4-6c06e6ee2f17" />
  </Results>
  <TestDefinitions>
    <UnitTest name="ReturnsPhotoUrl(id: -1)" storage="/mnt/c/sources/repos/smoelenboek/centric.learning.smoelenboek/tst/centric.learning.smoelenboek.business.tests/bin/release/netcoreapp3.1/centric.learning.smoelenboek.business.tests.dll" id="684553a4-3c3a-e62a-dfc2-d45dff508278">
      <Execution id="2b7e036e-07da-4c8f-b7be-f865f5a6464c" />
      <TestMethod codeBase="/mnt/c/Sources/Repos/Smoelenboek/Centric.Learning.Smoelenboek/tst/Centric.Learning.Smoelenboek.Business.Tests/bin/Release/netcoreapp3.1/Centric.Learning.Smoelenboek.Business.Tests.dll" adapterTypeName="executor://xunit/VsTestRunner2/netcoreapp" className="Centric.Learning.Smoelenboek.Business.Tests.PersonTests+ImageUrlTests" name="WhenCalled_ReturnsRelativePhotoUrlContainingPersonId" />
    </UnitTest>
    <UnitTest name="BirthDate(value: 1900-01-01T00:00:00.0000000)" storage="/mnt/c/sources/repos/smoelenboek/centric.learning.smoelenboek/tst/centric.learning.smoelenboek.business.tests/bin/release/netcoreapp3.1/centric.learning.smoelenboek.business.tests.dll" id="dfcb5f93-5c9b-ebe2-376c-b844953015e7">
      <Execution id="a0baffa1-4d9d-44ea-993a-fd78f9a18fc3" />
      <TestMethod codeBase="/mnt/c/Sources/Repos/Smoelenboek/Centric.Learning.Smoelenboek/tst/Centric.Learning.Smoelenboek.Business.Tests/bin/Release/netcoreapp3.1/Centric.Learning.Smoelenboek.Business.Tests.dll" adapterTypeName="executor://xunit/VsTestRunner2/netcoreapp" className="Centric.Learning.Smoelenboek.Business.Tests.PersonTests+BirthDateTests" name="WhenSet_ReturnsSetValue" />
    </UnitTest>
    <UnitTest name="PersonId(value: 1)" storage="/mnt/c/sources/repos/smoelenboek/centric.learning.smoelenboek/tst/centric.learning.smoelenboek.business.tests/bin/release/netcoreapp3.1/centric.learning.smoelenboek.business.tests.dll" id="95eab1f0-7964-d181-23b5-01721380f853">
      <Execution id="7951b428-a5d0-4bdd-b40b-5aafc482fc45" />
      <TestMethod codeBase="/mnt/c/Sources/Repos/Smoelenboek/Centric.Learning.Smoelenboek/tst/Centric.Learning.Smoelenboek.Business.Tests/bin/Release/netcoreapp3.1/Centric.Learning.Smoelenboek.Business.Tests.dll" adapterTypeName="executor://xunit/VsTestRunner2/netcoreapp" className="Centric.Learning.Smoelenboek.Business.Tests.PersonTests+PersonIdTests" name="WhenSet_ReturnsSetValue" />
    </UnitTest>
    <UnitTest name="PersonId(value: 2147483647)" storage="/mnt/c/sources/repos/smoelenboek/centric.learning.smoelenboek/tst/centric.learning.smoelenboek.business.tests/bin/release/netcoreapp3.1/centric.learning.smoelenboek.business.tests.dll" id="d8efa613-b0e9-92dd-a6d3-5328f86fd6df">
      <Execution id="a6c91e00-6fa9-4c92-b44c-92d9beb335d4" />
      <TestMethod codeBase="/mnt/c/Sources/Repos/Smoelenboek/Centric.Learning.Smoelenboek/tst/Centric.Learning.Smoelenboek.Business.Tests/bin/Release/netcoreapp3.1/Centric.Learning.Smoelenboek.Business.Tests.dll" adapterTypeName="executor://xunit/VsTestRunner2/netcoreapp" className="Centric.Learning.Smoelenboek.Business.Tests.PersonTests+PersonIdTests" name="WhenSet_ReturnsSetValue" />
    </UnitTest>
    <UnitTest name="ReturnsPhotoUrl(id: 1)" storage="/mnt/c/sources/repos/smoelenboek/centric.learning.smoelenboek/tst/centric.learning.smoelenboek.business.tests/bin/release/netcoreapp3.1/centric.learning.smoelenboek.business.tests.dll" id="3534b24c-da6a-929c-b347-8966c071ce7f">
      <Execution id="10221339-0dd1-4006-baa7-2f7a098fe441" />
      <TestMethod codeBase="/mnt/c/Sources/Repos/Smoelenboek/Centric.Learning.Smoelenboek/tst/Centric.Learning.Smoelenboek.Business.Tests/bin/Release/netcoreapp3.1/Centric.Learning.Smoelenboek.Business.Tests.dll" adapterTypeName="executor://xunit/VsTestRunner2/netcoreapp" className="Centric.Learning.Smoelenboek.Business.Tests.PersonTests+ImageUrlTests" name="WhenCalled_ReturnsRelativePhotoUrlContainingPersonId" />
    </UnitTest>
    <UnitTest name="BirthDate(value: 0001-01-01T00:00:00.0000000)" storage="/mnt/c/sources/repos/smoelenboek/centric.learning.smoelenboek/tst/centric.learning.smoelenboek.business.tests/bin/release/netcoreapp3.1/centric.learning.smoelenboek.business.tests.dll" id="ac72b107-1ca0-a700-fc1a-7d93ee1ce3cd">
      <Execution id="2e73b515-b173-4930-862a-20c3498fc1ca" />
      <TestMethod codeBase="/mnt/c/Sources/Repos/Smoelenboek/Centric.Learning.Smoelenboek/tst/Centric.Learning.Smoelenboek.Business.Tests/bin/Release/netcoreapp3.1/Centric.Learning.Smoelenboek.Business.Tests.dll" adapterTypeName="executor://xunit/VsTestRunner2/netcoreapp" className="Centric.Learning.Smoelenboek.Business.Tests.PersonTests+BirthDateTests" name="WhenSet_ReturnsSetValue" />
    </UnitTest>
    <UnitTest name="Nationality(value: &quot;testline&quot;)" storage="/mnt/c/sources/repos/smoelenboek/centric.learning.smoelenboek/tst/centric.learning.smoelenboek.business.tests/bin/release/netcoreapp3.1/centric.learning.smoelenboek.business.tests.dll" id="6ccacdf5-aec4-25b1-07c5-b4ec866ea351">
      <Execution id="a4d3698c-e1b3-4456-9018-11619de21b6d" />
      <TestMethod codeBase="/mnt/c/Sources/Repos/Smoelenboek/Centric.Learning.Smoelenboek/tst/Centric.Learning.Smoelenboek.Business.Tests/bin/Release/netcoreapp3.1/Centric.Learning.Smoelenboek.Business.Tests.dll" adapterTypeName="executor://xunit/VsTestRunner2/netcoreapp" className="Centric.Learning.Smoelenboek.Business.Tests.PersonTests+NatonalityTests" name="WhenSet_ReturnsSetValue" />
    </UnitTest>
    <UnitTest name="PersonId(value: 0)" storage="/mnt/c/sources/repos/smoelenboek/centric.learning.smoelenboek/tst/centric.learning.smoelenboek.business.tests/bin/release/netcoreapp3.1/centric.learning.smoelenboek.business.tests.dll" id="c737fef7-d753-85c3-0b69-627637fab85f">
      <Execution id="0f0556c5-ebe8-41cc-84af-6002e6703bae" />
      <TestMethod codeBase="/mnt/c/Sources/Repos/Smoelenboek/Centric.Learning.Smoelenboek/tst/Centric.Learning.Smoelenboek.Business.Tests/bin/Release/netcoreapp3.1/Centric.Learning.Smoelenboek.Business.Tests.dll" adapterTypeName="executor://xunit/VsTestRunner2/netcoreapp" className="Centric.Learning.Smoelenboek.Business.Tests.PersonTests+PersonIdTests" name="WhenSet_ReturnsSetValue" />
    </UnitTest>
    <UnitTest name="Nationality(value: &quot;12345678910111213141516171819202122232425262728293&quot;...)" storage="/mnt/c/sources/repos/smoelenboek/centric.learning.smoelenboek/tst/centric.learning.smoelenboek.business.tests/bin/release/netcoreapp3.1/centric.learning.smoelenboek.business.tests.dll" id="1543dcfd-21f2-670b-146c-2597900e2b42">
      <Execution id="688079a2-b5ed-408a-8483-20ee5534c54a" />
      <TestMethod codeBase="/mnt/c/Sources/Repos/Smoelenboek/Centric.Learning.Smoelenboek/tst/Centric.Learning.Smoelenboek.Business.Tests/bin/Release/netcoreapp3.1/Centric.Learning.Smoelenboek.Business.Tests.dll" adapterTypeName="executor://xunit/VsTestRunner2/netcoreapp" className="Centric.Learning.Smoelenboek.Business.Tests.PersonTests+NatonalityTests" name="WhenSet_ReturnsSetValue" />
    </UnitTest>
    <UnitTest name="BirthDate(value: 2000-01-01T00:00:00.0000000)" storage="/mnt/c/sources/repos/smoelenboek/centric.learning.smoelenboek/tst/centric.learning.smoelenboek.business.tests/bin/release/netcoreapp3.1/centric.learning.smoelenboek.business.tests.dll" id="65d12714-bc65-d703-5012-41cf4701419e">
      <Execution id="9d2f1ca6-dd7c-48cf-86a2-8f90291dde51" />
      <TestMethod codeBase="/mnt/c/Sources/Repos/Smoelenboek/Centric.Learning.Smoelenboek/tst/Centric.Learning.Smoelenboek.Business.Tests/bin/Release/netcoreapp3.1/Centric.Learning.Smoelenboek.Business.Tests.dll" adapterTypeName="executor://xunit/VsTestRunner2/netcoreapp" className="Centric.Learning.Smoelenboek.Business.Tests.PersonTests+BirthDateTests" name="WhenSet_ReturnsSetValue" />
    </UnitTest>
    <UnitTest name="Nationality(value: &quot;&quot;)" storage="/mnt/c/sources/repos/smoelenboek/centric.learning.smoelenboek/tst/centric.learning.smoelenboek.business.tests/bin/release/netcoreapp3.1/centric.learning.smoelenboek.business.tests.dll" id="25ef05a2-3cb7-ab19-b1a2-2c8faec9fc34">
      <Execution id="291dac3a-6eb0-4b6b-a585-a59d21147bd3" />
      <TestMethod codeBase="/mnt/c/Sources/Repos/Smoelenboek/Centric.Learning.Smoelenboek/tst/Centric.Learning.Smoelenboek.Business.Tests/bin/Release/netcoreapp3.1/Centric.Learning.Smoelenboek.Business.Tests.dll" adapterTypeName="executor://xunit/VsTestRunner2/netcoreapp" className="Centric.Learning.Smoelenboek.Business.Tests.PersonTests+NatonalityTests" name="WhenSet_ReturnsSetValue" />
    </UnitTest>
    <UnitTest name="PersonId(value: -1)" storage="/mnt/c/sources/repos/smoelenboek/centric.learning.smoelenboek/tst/centric.learning.smoelenboek.business.tests/bin/release/netcoreapp3.1/centric.learning.smoelenboek.business.tests.dll" id="7b8350a8-f9d6-81a5-d2c1-b781c15cd156">
      <Execution id="a6e027d8-56a3-45d5-bc17-8b25fce9ba44" />
      <TestMethod codeBase="/mnt/c/Sources/Repos/Smoelenboek/Centric.Learning.Smoelenboek/tst/Centric.Learning.Smoelenboek.Business.Tests/bin/Release/netcoreapp3.1/Centric.Learning.Smoelenboek.Business.Tests.dll" adapterTypeName="executor://xunit/VsTestRunner2/netcoreapp" className="Centric.Learning.Smoelenboek.Business.Tests.PersonTests+PersonIdTests" name="WhenSet_ReturnsSetValue" />
    </UnitTest>
    <UnitTest name="PersonId(value: -2147483648)" storage="/mnt/c/sources/repos/smoelenboek/centric.learning.smoelenboek/tst/centric.learning.smoelenboek.business.tests/bin/release/netcoreapp3.1/centric.learning.smoelenboek.business.tests.dll" id="eff1e9fe-2d1d-dc40-7308-ce9a06d48abb">
      <Execution id="34f5dfcf-79e2-4fa1-912e-c9d1e4b34c87" />
      <TestMethod codeBase="/mnt/c/Sources/Repos/Smoelenboek/Centric.Learning.Smoelenboek/tst/Centric.Learning.Smoelenboek.Business.Tests/bin/Release/netcoreapp3.1/Centric.Learning.Smoelenboek.Business.Tests.dll" adapterTypeName="executor://xunit/VsTestRunner2/netcoreapp" className="Centric.Learning.Smoelenboek.Business.Tests.PersonTests+PersonIdTests" name="WhenSet_ReturnsSetValue" />
    </UnitTest>
    <UnitTest name="Nationality(value: null)" storage="/mnt/c/sources/repos/smoelenboek/centric.learning.smoelenboek/tst/centric.learning.smoelenboek.business.tests/bin/release/netcoreapp3.1/centric.learning.smoelenboek.business.tests.dll" id="c9e4c47d-e4ba-7a18-0b75-8ca423d946b2">
      <Execution id="fc684258-8da0-4060-b702-e3df4c03b778" />
      <TestMethod codeBase="/mnt/c/Sources/Repos/Smoelenboek/Centric.Learning.Smoelenboek/tst/Centric.Learning.Smoelenboek.Business.Tests/bin/Release/netcoreapp3.1/Centric.Learning.Smoelenboek.Business.Tests.dll" adapterTypeName="executor://xunit/VsTestRunner2/netcoreapp" className="Centric.Learning.Smoelenboek.Business.Tests.PersonTests+NatonalityTests" name="WhenSet_ReturnsSetValue" />
    </UnitTest>
    <UnitTest name="PeoplePresentAreNotAdded(name: &quot;Hans&quot;)" storage="/mnt/c/sources/repos/smoelenboek/centric.learning.smoelenboek/tst/centric.learning.smoelenboek.business.tests/bin/release/netcoreapp3.1/centric.learning.smoelenboek.business.tests.dll" id="dee5a526-7e66-a1c2-8a10-21acdf19ce09">
      <Execution id="e61d6afb-2649-4e13-888b-6aebb472abc7" />
      <TestMethod codeBase="/mnt/c/Sources/Repos/Smoelenboek/Centric.Learning.Smoelenboek/tst/Centric.Learning.Smoelenboek.Business.Tests/bin/Release/netcoreapp3.1/Centric.Learning.Smoelenboek.Business.Tests.dll" adapterTypeName="executor://xunit/VsTestRunner2/netcoreapp" className="Centric.Learning.Smoelenboek.Business.Tests.InitializerTests+InitialiseTests" name="WhenPersonIsPresent_DoNotAddPerson" />
    </UnitTest>
    <UnitTest name="Name(value: &quot;&quot;)" storage="/mnt/c/sources/repos/smoelenboek/centric.learning.smoelenboek/tst/centric.learning.smoelenboek.business.tests/bin/release/netcoreapp3.1/centric.learning.smoelenboek.business.tests.dll" id="995a544b-4ccf-5a1c-1868-8838f4be29a7">
      <Execution id="cb080e32-34d2-47d8-9435-978fc027bab8" />
      <TestMethod codeBase="/mnt/c/Sources/Repos/Smoelenboek/Centric.Learning.Smoelenboek/tst/Centric.Learning.Smoelenboek.Business.Tests/bin/Release/netcoreapp3.1/Centric.Learning.Smoelenboek.Business.Tests.dll" adapterTypeName="executor://xunit/VsTestRunner2/netcoreapp" className="Centric.Learning.Smoelenboek.Business.Tests.PersonTests+NameTests" name="WhenSet_ReturnsSetValue" />
    </UnitTest>
    <UnitTest name="BirthDate(value: 9999-12-31T23:59:59.9999999)" storage="/mnt/c/sources/repos/smoelenboek/centric.learning.smoelenboek/tst/centric.learning.smoelenboek.business.tests/bin/release/netcoreapp3.1/centric.learning.smoelenboek.business.tests.dll" id="141af9ae-40fc-c8a6-5641-5e709681a481">
      <Execution id="a6d5c57e-f5ae-4d7a-b783-50b8b0fb51b4" />
      <TestMethod codeBase="/mnt/c/Sources/Repos/Smoelenboek/Centric.Learning.Smoelenboek/tst/Centric.Learning.Smoelenboek.Business.Tests/bin/Release/netcoreapp3.1/Centric.Learning.Smoelenboek.Business.Tests.dll" adapterTypeName="executor://xunit/VsTestRunner2/netcoreapp" className="Centric.Learning.Smoelenboek.Business.Tests.PersonTests+BirthDateTests" name="WhenSet_ReturnsSetValue" />
    </UnitTest>
    <UnitTest name="PersonId(value: 10)" storage="/mnt/c/sources/repos/smoelenboek/centric.learning.smoelenboek/tst/centric.learning.smoelenboek.business.tests/bin/release/netcoreapp3.1/centric.learning.smoelenboek.business.tests.dll" id="a29d2473-31a0-7444-498e-63b2f8cf05b9">
      <Execution id="5ddfe4f5-1d27-458f-96ab-73425b26c5a9" />
      <TestMethod codeBase="/mnt/c/Sources/Repos/Smoelenboek/Centric.Learning.Smoelenboek/tst/Centric.Learning.Smoelenboek.Business.Tests/bin/Release/netcoreapp3.1/Centric.Learning.Smoelenboek.Business.Tests.dll" adapterTypeName="executor://xunit/VsTestRunner2/netcoreapp" className="Centric.Learning.Smoelenboek.Business.Tests.PersonTests+PersonIdTests" name="WhenSet_ReturnsSetValue" />
    </UnitTest>
    <UnitTest name="Name(value: &quot;12345678910111213141516171819202122232425262728293&quot;...)" storage="/mnt/c/sources/repos/smoelenboek/centric.learning.smoelenboek/tst/centric.learning.smoelenboek.business.tests/bin/release/netcoreapp3.1/centric.learning.smoelenboek.business.tests.dll" id="90a86e47-a96b-05e5-2eb5-e5bfe1c7960d">
      <Execution id="2fcf0c09-ac2d-4c2e-af50-97acdd8b3b42" />
      <TestMethod codeBase="/mnt/c/Sources/Repos/Smoelenboek/Centric.Learning.Smoelenboek/tst/Centric.Learning.Smoelenboek.Business.Tests/bin/Release/netcoreapp3.1/Centric.Learning.Smoelenboek.Business.Tests.dll" adapterTypeName="executor://xunit/VsTestRunner2/netcoreapp" className="Centric.Learning.Smoelenboek.Business.Tests.PersonTests+NameTests" name="WhenSet_ReturnsSetValue" />
    </UnitTest>
    <UnitTest name="ReturnsPhotoUrl(id: -10)" storage="/mnt/c/sources/repos/smoelenboek/centric.learning.smoelenboek/tst/centric.learning.smoelenboek.business.tests/bin/release/netcoreapp3.1/centric.learning.smoelenboek.business.tests.dll" id="a246599f-430d-d956-7fe0-3d599abd9312">
      <Execution id="561544b4-2251-4cdb-a684-2221e1c455e1" />
      <TestMethod codeBase="/mnt/c/Sources/Repos/Smoelenboek/Centric.Learning.Smoelenboek/tst/Centric.Learning.Smoelenboek.Business.Tests/bin/Release/netcoreapp3.1/Centric.Learning.Smoelenboek.Business.Tests.dll" adapterTypeName="executor://xunit/VsTestRunner2/netcoreapp" className="Centric.Learning.Smoelenboek.Business.Tests.PersonTests+ImageUrlTests" name="WhenCalled_ReturnsRelativePhotoUrlContainingPersonId" />
    </UnitTest>
    <UnitTest name="PeopleNotPresentAreAdded(name: &quot;Dick&quot;)" storage="/mnt/c/sources/repos/smoelenboek/centric.learning.smoelenboek/tst/centric.learning.smoelenboek.business.tests/bin/release/netcoreapp3.1/centric.learning.smoelenboek.business.tests.dll" id="7cbb2446-8bc2-f24b-abbd-c104051ec19e">
      <Execution id="b1310edc-916b-4b6c-867f-b892f5a665b2" />
      <TestMethod codeBase="/mnt/c/Sources/Repos/Smoelenboek/Centric.Learning.Smoelenboek/tst/Centric.Learning.Smoelenboek.Business.Tests/bin/Release/netcoreapp3.1/Centric.Learning.Smoelenboek.Business.Tests.dll" adapterTypeName="executor://xunit/VsTestRunner2/netcoreapp" className="Centric.Learning.Smoelenboek.Business.Tests.InitializerTests+InitialiseTests" name="WhenPersonIsNotPresent_PersonIsAddedWithJpegImage" />
    </UnitTest>
    <UnitTest name="ReturnsPhotoUrl(id: -2147483648)" storage="/mnt/c/sources/repos/smoelenboek/centric.learning.smoelenboek/tst/centric.learning.smoelenboek.business.tests/bin/release/netcoreapp3.1/centric.learning.smoelenboek.business.tests.dll" id="29d702e8-a2b9-38f4-1238-f0ea6ab717fe">
      <Execution id="b630145a-014f-4417-96b4-6c06e6ee2f17" />
      <TestMethod codeBase="/mnt/c/Sources/Repos/Smoelenboek/Centric.Learning.Smoelenboek/tst/Centric.Learning.Smoelenboek.Business.Tests/bin/Release/netcoreapp3.1/Centric.Learning.Smoelenboek.Business.Tests.dll" adapterTypeName="executor://xunit/VsTestRunner2/netcoreapp" className="Centric.Learning.Smoelenboek.Business.Tests.PersonTests+ImageUrlTests" name="WhenCalled_ReturnsRelativePhotoUrlContainingPersonId" />
    </UnitTest>
    <UnitTest name="ReturnsPhotoUrl(id: 0)" storage="/mnt/c/sources/repos/smoelenboek/centric.learning.smoelenboek/tst/centric.learning.smoelenboek.business.tests/bin/release/netcoreapp3.1/centric.learning.smoelenboek.business.tests.dll" id="7d3ebd9e-49ec-4494-9a5f-987b7dbb1a43">
      <Execution id="8910a293-8784-44e9-b48f-2ae1c766be7c" />
      <TestMethod codeBase="/mnt/c/Sources/Repos/Smoelenboek/Centric.Learning.Smoelenboek/tst/Centric.Learning.Smoelenboek.Business.Tests/bin/Release/netcoreapp3.1/Centric.Learning.Smoelenboek.Business.Tests.dll" adapterTypeName="executor://xunit/VsTestRunner2/netcoreapp" className="Centric.Learning.Smoelenboek.Business.Tests.PersonTests+ImageUrlTests" name="WhenCalled_ReturnsRelativePhotoUrlContainingPersonId" />
    </UnitTest>
    <UnitTest name="PeoplePresentAreNotAdded(name: &quot;Dick&quot;)" storage="/mnt/c/sources/repos/smoelenboek/centric.learning.smoelenboek/tst/centric.learning.smoelenboek.business.tests/bin/release/netcoreapp3.1/centric.learning.smoelenboek.business.tests.dll" id="97fed8fd-b352-fb62-eade-4e060f747fb6">
      <Execution id="5df62f17-36b4-45fd-a6c9-611405682d21" />
      <TestMethod codeBase="/mnt/c/Sources/Repos/Smoelenboek/Centric.Learning.Smoelenboek/tst/Centric.Learning.Smoelenboek.Business.Tests/bin/Release/netcoreapp3.1/Centric.Learning.Smoelenboek.Business.Tests.dll" adapterTypeName="executor://xunit/VsTestRunner2/netcoreapp" className="Centric.Learning.Smoelenboek.Business.Tests.InitializerTests+InitialiseTests" name="WhenPersonIsPresent_DoNotAddPerson" />
    </UnitTest>
    <UnitTest name="PeopleNotPresentAreAdded(name: &quot;Hans&quot;)" storage="/mnt/c/sources/repos/smoelenboek/centric.learning.smoelenboek/tst/centric.learning.smoelenboek.business.tests/bin/release/netcoreapp3.1/centric.learning.smoelenboek.business.tests.dll" id="48b0930a-7164-1fc9-de95-b724e9191db9">
      <Execution id="e896eaca-b522-4051-b7f1-801c31a65935" />
      <TestMethod codeBase="/mnt/c/Sources/Repos/Smoelenboek/Centric.Learning.Smoelenboek/tst/Centric.Learning.Smoelenboek.Business.Tests/bin/Release/netcoreapp3.1/Centric.Learning.Smoelenboek.Business.Tests.dll" adapterTypeName="executor://xunit/VsTestRunner2/netcoreapp" className="Centric.Learning.Smoelenboek.Business.Tests.InitializerTests+InitialiseTests" name="WhenPersonIsNotPresent_PersonIsAddedWithJpegImage" />
    </UnitTest>
    <UnitTest name="BirthDate(value: 1782-09-05T00:00:00.0000000)" storage="/mnt/c/sources/repos/smoelenboek/centric.learning.smoelenboek/tst/centric.learning.smoelenboek.business.tests/bin/release/netcoreapp3.1/centric.learning.smoelenboek.business.tests.dll" id="90f48ecf-064d-e89f-bb4a-58f44108863c">
      <Execution id="bebc37f9-4095-4e50-9600-b5f5f59e19a6" />
      <TestMethod codeBase="/mnt/c/Sources/Repos/Smoelenboek/Centric.Learning.Smoelenboek/tst/Centric.Learning.Smoelenboek.Business.Tests/bin/Release/netcoreapp3.1/Centric.Learning.Smoelenboek.Business.Tests.dll" adapterTypeName="executor://xunit/VsTestRunner2/netcoreapp" className="Centric.Learning.Smoelenboek.Business.Tests.PersonTests+BirthDateTests" name="WhenSet_ReturnsSetValue" />
    </UnitTest>
    <UnitTest name="ReturnsPhotoUrl(id: 2147483647)" storage="/mnt/c/sources/repos/smoelenboek/centric.learning.smoelenboek/tst/centric.learning.smoelenboek.business.tests/bin/release/netcoreapp3.1/centric.learning.smoelenboek.business.tests.dll" id="6a552384-d06c-602d-fdab-740ceb404074">
      <Execution id="0f796df0-cb0d-4ea3-8e1a-9a17ee9bb89b" />
      <TestMethod codeBase="/mnt/c/Sources/Repos/Smoelenboek/Centric.Learning.Smoelenboek/tst/Centric.Learning.Smoelenboek.Business.Tests/bin/Release/netcoreapp3.1/Centric.Learning.Smoelenboek.Business.Tests.dll" adapterTypeName="executor://xunit/VsTestRunner2/netcoreapp" className="Centric.Learning.Smoelenboek.Business.Tests.PersonTests+ImageUrlTests" name="WhenCalled_ReturnsRelativePhotoUrlContainingPersonId" />
    </UnitTest>
    <UnitTest name="Name(value: &quot;testline&quot;)" storage="/mnt/c/sources/repos/smoelenboek/centric.learning.smoelenboek/tst/centric.learning.smoelenboek.business.tests/bin/release/netcoreapp3.1/centric.learning.smoelenboek.business.tests.dll" id="89bcd582-0c41-e159-240a-8b7199f89487">
      <Execution id="63648685-6c8d-42fc-9dc6-eba9c3dd09c3" />
      <TestMethod codeBase="/mnt/c/Sources/Repos/Smoelenboek/Centric.Learning.Smoelenboek/tst/Centric.Learning.Smoelenboek.Business.Tests/bin/Release/netcoreapp3.1/Centric.Learning.Smoelenboek.Business.Tests.dll" adapterTypeName="executor://xunit/VsTestRunner2/netcoreapp" className="Centric.Learning.Smoelenboek.Business.Tests.PersonTests+NameTests" name="WhenSet_ReturnsSetValue" />
    </UnitTest>
    <UnitTest name="Name(value: null)" storage="/mnt/c/sources/repos/smoelenboek/centric.learning.smoelenboek/tst/centric.learning.smoelenboek.business.tests/bin/release/netcoreapp3.1/centric.learning.smoelenboek.business.tests.dll" id="560e7b09-d8ae-ca54-53c7-1fbf98ea90fc">
      <Execution id="8cd463c4-05b9-4147-8ed8-510c92f3a186" />
      <TestMethod codeBase="/mnt/c/Sources/Repos/Smoelenboek/Centric.Learning.Smoelenboek/tst/Centric.Learning.Smoelenboek.Business.Tests/bin/Release/netcoreapp3.1/Centric.Learning.Smoelenboek.Business.Tests.dll" adapterTypeName="executor://xunit/VsTestRunner2/netcoreapp" className="Centric.Learning.Smoelenboek.Business.Tests.PersonTests+NameTests" name="WhenSet_ReturnsSetValue" />
    </UnitTest>
    <UnitTest name="BirthDate(value: 2020-05-18T00:00:00.0000000+02:00)" storage="/mnt/c/sources/repos/smoelenboek/centric.learning.smoelenboek/tst/centric.learning.smoelenboek.business.tests/bin/release/netcoreapp3.1/centric.learning.smoelenboek.business.tests.dll" id="964cb299-ba93-0560-41cd-6e8cb1ee9948">
      <Execution id="d8f17cc4-b732-4f2f-8367-156d68b96282" />
      <TestMethod codeBase="/mnt/c/Sources/Repos/Smoelenboek/Centric.Learning.Smoelenboek/tst/Centric.Learning.Smoelenboek.Business.Tests/bin/Release/netcoreapp3.1/Centric.Learning.Smoelenboek.Business.Tests.dll" adapterTypeName="executor://xunit/VsTestRunner2/netcoreapp" className="Centric.Learning.Smoelenboek.Business.Tests.PersonTests+BirthDateTests" name="WhenSet_ReturnsSetValue" />
    </UnitTest>
    <UnitTest name="PersonId(value: -10)" storage="/mnt/c/sources/repos/smoelenboek/centric.learning.smoelenboek/tst/centric.learning.smoelenboek.business.tests/bin/release/netcoreapp3.1/centric.learning.smoelenboek.business.tests.dll" id="36096c7a-3a4b-8558-cd8a-f63e2e559a94">
      <Execution id="4777c6c2-740b-48c3-9059-b84f7a3f0344" />
      <TestMethod codeBase="/mnt/c/Sources/Repos/Smoelenboek/Centric.Learning.Smoelenboek/tst/Centric.Learning.Smoelenboek.Business.Tests/bin/Release/netcoreapp3.1/Centric.Learning.Smoelenboek.Business.Tests.dll" adapterTypeName="executor://xunit/VsTestRunner2/netcoreapp" className="Centric.Learning.Smoelenboek.Business.Tests.PersonTests+PersonIdTests" name="WhenSet_ReturnsSetValue" />
    </UnitTest>
    <UnitTest name="ReturnsPhotoUrl(id: 10)" storage="/mnt/c/sources/repos/smoelenboek/centric.learning.smoelenboek/tst/centric.learning.smoelenboek.business.tests/bin/release/netcoreapp3.1/centric.learning.smoelenboek.business.tests.dll" id="3bcd6e2c-38d5-6f98-2b57-bbb84d3b75e8">
      <Execution id="14d0e6ee-685b-4f3a-935a-03af430dde58" />
      <TestMethod codeBase="/mnt/c/Sources/Repos/Smoelenboek/Centric.Learning.Smoelenboek/tst/Centric.Learning.Smoelenboek.Business.Tests/bin/Release/netcoreapp3.1/Centric.Learning.Smoelenboek.Business.Tests.dll" adapterTypeName="executor://xunit/VsTestRunner2/netcoreapp" className="Centric.Learning.Smoelenboek.Business.Tests.PersonTests+ImageUrlTests" name="WhenCalled_ReturnsRelativePhotoUrlContainingPersonId" />
    </UnitTest>
  </TestDefinitions>
  <TestEntries>
    <TestEntry testId="89bcd582-0c41-e159-240a-8b7199f89487" executionId="63648685-6c8d-42fc-9dc6-eba9c3dd09c3" testListId="8c84fa94-04c1-424b-9868-57a2d4851a1d" />
    <TestEntry testId="a246599f-430d-d956-7fe0-3d599abd9312" executionId="561544b4-2251-4cdb-a684-2221e1c455e1" testListId="8c84fa94-04c1-424b-9868-57a2d4851a1d" />
    <TestEntry testId="97fed8fd-b352-fb62-eade-4e060f747fb6" executionId="5df62f17-36b4-45fd-a6c9-611405682d21" testListId="8c84fa94-04c1-424b-9868-57a2d4851a1d" />
    <TestEntry testId="3bcd6e2c-38d5-6f98-2b57-bbb84d3b75e8" executionId="14d0e6ee-685b-4f3a-935a-03af430dde58" testListId="8c84fa94-04c1-424b-9868-57a2d4851a1d" />
    <TestEntry testId="a29d2473-31a0-7444-498e-63b2f8cf05b9" executionId="5ddfe4f5-1d27-458f-96ab-73425b26c5a9" testListId="8c84fa94-04c1-424b-9868-57a2d4851a1d" />
    <TestEntry testId="d8efa613-b0e9-92dd-a6d3-5328f86fd6df" executionId="a6c91e00-6fa9-4c92-b44c-92d9beb335d4" testListId="8c84fa94-04c1-424b-9868-57a2d4851a1d" />
    <TestEntry testId="6ccacdf5-aec4-25b1-07c5-b4ec866ea351" executionId="a4d3698c-e1b3-4456-9018-11619de21b6d" testListId="8c84fa94-04c1-424b-9868-57a2d4851a1d" />
    <TestEntry testId="560e7b09-d8ae-ca54-53c7-1fbf98ea90fc" executionId="8cd463c4-05b9-4147-8ed8-510c92f3a186" testListId="8c84fa94-04c1-424b-9868-57a2d4851a1d" />
    <TestEntry testId="7b8350a8-f9d6-81a5-d2c1-b781c15cd156" executionId="a6e027d8-56a3-45d5-bc17-8b25fce9ba44" testListId="8c84fa94-04c1-424b-9868-57a2d4851a1d" />
    <TestEntry testId="7cbb2446-8bc2-f24b-abbd-c104051ec19e" executionId="b1310edc-916b-4b6c-867f-b892f5a665b2" testListId="8c84fa94-04c1-424b-9868-57a2d4851a1d" />
    <TestEntry testId="eff1e9fe-2d1d-dc40-7308-ce9a06d48abb" executionId="34f5dfcf-79e2-4fa1-912e-c9d1e4b34c87" testListId="8c84fa94-04c1-424b-9868-57a2d4851a1d" />
    <TestEntry testId="90f48ecf-064d-e89f-bb4a-58f44108863c" executionId="bebc37f9-4095-4e50-9600-b5f5f59e19a6" testListId="8c84fa94-04c1-424b-9868-57a2d4851a1d" />
    <TestEntry testId="dee5a526-7e66-a1c2-8a10-21acdf19ce09" executionId="e61d6afb-2649-4e13-888b-6aebb472abc7" testListId="8c84fa94-04c1-424b-9868-57a2d4851a1d" />
    <TestEntry testId="6a552384-d06c-602d-fdab-740ceb404074" executionId="0f796df0-cb0d-4ea3-8e1a-9a17ee9bb89b" testListId="8c84fa94-04c1-424b-9868-57a2d4851a1d" />
    <TestEntry testId="95eab1f0-7964-d181-23b5-01721380f853" executionId="7951b428-a5d0-4bdd-b40b-5aafc482fc45" testListId="8c84fa94-04c1-424b-9868-57a2d4851a1d" />
    <TestEntry testId="90a86e47-a96b-05e5-2eb5-e5bfe1c7960d" executionId="2fcf0c09-ac2d-4c2e-af50-97acdd8b3b42" testListId="8c84fa94-04c1-424b-9868-57a2d4851a1d" />
    <TestEntry testId="1543dcfd-21f2-670b-146c-2597900e2b42" executionId="688079a2-b5ed-408a-8483-20ee5534c54a" testListId="8c84fa94-04c1-424b-9868-57a2d4851a1d" />
    <TestEntry testId="c9e4c47d-e4ba-7a18-0b75-8ca423d946b2" executionId="fc684258-8da0-4060-b702-e3df4c03b778" testListId="8c84fa94-04c1-424b-9868-57a2d4851a1d" />
    <TestEntry testId="25ef05a2-3cb7-ab19-b1a2-2c8faec9fc34" executionId="291dac3a-6eb0-4b6b-a585-a59d21147bd3" testListId="8c84fa94-04c1-424b-9868-57a2d4851a1d" />
    <TestEntry testId="995a544b-4ccf-5a1c-1868-8838f4be29a7" executionId="cb080e32-34d2-47d8-9435-978fc027bab8" testListId="8c84fa94-04c1-424b-9868-57a2d4851a1d" />
    <TestEntry testId="36096c7a-3a4b-8558-cd8a-f63e2e559a94" executionId="4777c6c2-740b-48c3-9059-b84f7a3f0344" testListId="8c84fa94-04c1-424b-9868-57a2d4851a1d" />
    <TestEntry testId="3534b24c-da6a-929c-b347-8966c071ce7f" executionId="10221339-0dd1-4006-baa7-2f7a098fe441" testListId="8c84fa94-04c1-424b-9868-57a2d4851a1d" />
    <TestEntry testId="684553a4-3c3a-e62a-dfc2-d45dff508278" executionId="2b7e036e-07da-4c8f-b7be-f865f5a6464c" testListId="8c84fa94-04c1-424b-9868-57a2d4851a1d" />
    <TestEntry testId="65d12714-bc65-d703-5012-41cf4701419e" executionId="9d2f1ca6-dd7c-48cf-86a2-8f90291dde51" testListId="8c84fa94-04c1-424b-9868-57a2d4851a1d" />
    <TestEntry testId="141af9ae-40fc-c8a6-5641-5e709681a481" executionId="a6d5c57e-f5ae-4d7a-b783-50b8b0fb51b4" testListId="8c84fa94-04c1-424b-9868-57a2d4851a1d" />
    <TestEntry testId="ac72b107-1ca0-a700-fc1a-7d93ee1ce3cd" executionId="2e73b515-b173-4930-862a-20c3498fc1ca" testListId="8c84fa94-04c1-424b-9868-57a2d4851a1d" />
    <TestEntry testId="48b0930a-7164-1fc9-de95-b724e9191db9" executionId="e896eaca-b522-4051-b7f1-801c31a65935" testListId="8c84fa94-04c1-424b-9868-57a2d4851a1d" />
    <TestEntry testId="c737fef7-d753-85c3-0b69-627637fab85f" executionId="0f0556c5-ebe8-41cc-84af-6002e6703bae" testListId="8c84fa94-04c1-424b-9868-57a2d4851a1d" />
    <TestEntry testId="7d3ebd9e-49ec-4494-9a5f-987b7dbb1a43" executionId="8910a293-8784-44e9-b48f-2ae1c766be7c" testListId="8c84fa94-04c1-424b-9868-57a2d4851a1d" />
    <TestEntry testId="dfcb5f93-5c9b-ebe2-376c-b844953015e7" executionId="a0baffa1-4d9d-44ea-993a-fd78f9a18fc3" testListId="8c84fa94-04c1-424b-9868-57a2d4851a1d" />
    <TestEntry testId="964cb299-ba93-0560-41cd-6e8cb1ee9948" executionId="d8f17cc4-b732-4f2f-8367-156d68b96282" testListId="8c84fa94-04c1-424b-9868-57a2d4851a1d" />
    <TestEntry testId="29d702e8-a2b9-38f4-1238-f0ea6ab717fe" executionId="b630145a-014f-4417-96b4-6c06e6ee2f17" testListId="8c84fa94-04c1-424b-9868-57a2d4851a1d" />
  </TestEntries>
  <TestLists>
    <TestList name="Results Not in a List" id="8c84fa94-04c1-424b-9868-57a2d4851a1d" />
    <TestList name="All Loaded Results" id="19431567-8539-422a-85d7-44ee4e166bda" />
  </TestLists>
  <ResultSummary outcome="Completed">
    <Counters total="32" executed="32" passed="32" failed="0" error="0" timeout="0" aborted="0" inconclusive="0" passedButRunAborted="0" notRunnable="0" notExecuted="0" disconnected="0" warning="0" completed="0" inProgress="0" pending="0" />
    <Output>
      <StdOut>[xUnit.net 00:00:00.00] xUnit.net VSTest Adapter v2.4.0 (64-bit .NET Core 3.1.3)
[xUnit.net 00:00:01.68]   Discovering: Centric.Learning.Smoelenboek.Business.Tests
[xUnit.net 00:00:01.76]   Discovered:  Centric.Learning.Smoelenboek.Business.Tests
[xUnit.net 00:00:01.76]   Starting:    Centric.Learning.Smoelenboek.Business.Tests
[xUnit.net 00:00:02.05]   Finished:    Centric.Learning.Smoelenboek.Business.Tests
</StdOut>
    </Output>
  </ResultSummary>
</TestRun>