<?xml version="1.0" encoding="utf-8"?>
<TestRun id="f120af05-031e-42e3-a4e8-9721e081da05" name="@NBK4152321 2020-05-18 21:49:26" xmlns="http://microsoft.com/schemas/VisualStudio/TeamTest/2010">
  <Times creation="2020-05-18T21:49:26.9225777+02:00" queuing="2020-05-18T21:49:26.9225799+02:00" start="2020-05-18T21:49:24.6877369+02:00" finish="2020-05-18T21:49:27.0936342+02:00" />
  <TestSettings name="default" id="b4c288ea-c773-45b3-b378-8716f71cefb1">
    <Deployment runDeploymentRoot="_NBK4152321_2020-05-18_21_49_26" />
  </TestSettings>
  <Results>
    <UnitTestResult executionId="5e90af0b-a68c-48e4-ac69-20fd2472c8bb" testId="a29d2473-31a0-7444-498e-63b2f8cf05b9" testName="PersonId(value: 10)" computerName="NBK4152321" duration="00:00:00.0000116" startTime="2020-05-18T21:49:26.8117345+02:00" endTime="2020-05-18T21:49:26.8117363+02:00" testType="13cdc9d9-ddb5-4fa4-a97d-d965ccfc6d4b" outcome="Passed" testListId="8c84fa94-04c1-424b-9868-57a2d4851a1d" relativeResultsDirectory="5e90af0b-a68c-48e4-ac69-20fd2472c8bb" />
    <UnitTestResult executionId="a7ed0da6-b5cc-4d3f-85c1-444e00ebf6b4" testId="141af9ae-40fc-c8a6-5641-5e709681a481" testName="BirthDate(value: 9999-12-31T23:59:59.9999999)" computerName="NBK4152321" duration="00:00:00.0000476" startTime="2020-05-18T21:49:26.8605139+02:00" endTime="2020-05-18T21:49:26.8605160+02:00" testType="13cdc9d9-ddb5-4fa4-a97d-d965ccfc6d4b" outcome="Passed" testListId="8c84fa94-04c1-424b-9868-57a2d4851a1d" relativeResultsDirectory="a7ed0da6-b5cc-4d3f-85c1-444e00ebf6b4" />
    <UnitTestResult executionId="f4defe58-7d0b-4f48-8f2e-c81d428c5be5" testId="964cb299-ba93-0560-41cd-6e8cb1ee9948" testName="BirthDate(value: 2020-05-18T00:00:00.0000000+02:00)" computerName="NBK4152321" duration="00:00:00.0000181" startTime="2020-05-18T21:49:26.8607575+02:00" endTime="2020-05-18T21:49:26.8607592+02:00" testType="13cdc9d9-ddb5-4fa4-a97d-d965ccfc6d4b" outcome="Passed" testListId="8c84fa94-04c1-424b-9868-57a2d4851a1d" relativeResultsDirectory="f4defe58-7d0b-4f48-8f2e-c81d428c5be5" />
    <UnitTestResult executionId="794c0839-50ec-4c0f-867e-01d7524597f6" testId="3534b24c-da6a-929c-b347-8966c071ce7f" testName="ReturnsPhotoUrl(id: 1)" computerName="NBK4152321" duration="00:00:00.0000215" startTime="2020-05-18T21:49:26.8662389+02:00" endTime="2020-05-18T21:49:26.8662406+02:00" testType="13cdc9d9-ddb5-4fa4-a97d-d965ccfc6d4b" outcome="Passed" testListId="8c84fa94-04c1-424b-9868-57a2d4851a1d" relativeResultsDirectory="794c0839-50ec-4c0f-867e-01d7524597f6" />
    <UnitTestResult executionId="b912f779-38d3-4ef2-b4fc-4d6436923eff" testId="c737fef7-d753-85c3-0b69-627637fab85f" testName="PersonId(value: 0)" computerName="NBK4152321" duration="00:00:00.0071836" startTime="2020-05-18T21:49:26.8063005+02:00" endTime="2020-05-18T21:49:26.8063028+02:00" testType="13cdc9d9-ddb5-4fa4-a97d-d965ccfc6d4b" outcome="Passed" testListId="8c84fa94-04c1-424b-9868-57a2d4851a1d" relativeResultsDirectory="b912f779-38d3-4ef2-b4fc-4d6436923eff" />
    <UnitTestResult executionId="a00e72da-ac5f-4af7-bf63-2ed0ed80f56b" testId="3bcd6e2c-38d5-6f98-2b57-bbb84d3b75e8" testName="ReturnsPhotoUrl(id: 10)" computerName="NBK4152321" duration="00:00:00.0000139" startTime="2020-05-18T21:49:26.8667216+02:00" endTime="2020-05-18T21:49:26.8667233+02:00" testType="13cdc9d9-ddb5-4fa4-a97d-d965ccfc6d4b" outcome="Passed" testListId="8c84fa94-04c1-424b-9868-57a2d4851a1d" relativeResultsDirectory="a00e72da-ac5f-4af7-bf63-2ed0ed80f56b" />
    <UnitTestResult executionId="805d9db8-59ab-48d3-bf19-c103b5ed4d0f" testId="1543dcfd-21f2-670b-146c-2597900e2b42" testName="Nationality(value: &quot;12345678910111213141516171819202122232425262728293&quot;...)" computerName="NBK4152321" duration="00:00:00.0058497" startTime="2020-05-18T21:49:26.7996387+02:00" endTime="2020-05-18T21:49:26.7997591+02:00" testType="13cdc9d9-ddb5-4fa4-a97d-d965ccfc6d4b" outcome="Passed" testListId="8c84fa94-04c1-424b-9868-57a2d4851a1d" relativeResultsDirectory="805d9db8-59ab-48d3-bf19-c103b5ed4d0f" />
    <UnitTestResult executionId="76904e6e-d407-44ae-9497-9449e2f60d8c" testId="7cbb2446-8bc2-f24b-abbd-c104051ec19e" testName="PeopleNotPresentAreAdded(name: &quot;Dick&quot;)" computerName="NBK4152321" duration="00:00:00.0014482" startTime="2020-05-18T21:49:26.9710219+02:00" endTime="2020-05-18T21:49:26.9710246+02:00" testType="13cdc9d9-ddb5-4fa4-a97d-d965ccfc6d4b" outcome="Passed" testListId="8c84fa94-04c1-424b-9868-57a2d4851a1d" relativeResultsDirectory="76904e6e-d407-44ae-9497-9449e2f60d8c" />
    <UnitTestResult executionId="c1dc2f76-b1d9-4266-b87d-e9f94e50ec46" testId="dee5a526-7e66-a1c2-8a10-21acdf19ce09" testName="PeoplePresentAreNotAdded(name: &quot;Hans&quot;)" computerName="NBK4152321" duration="00:00:00.0005437" startTime="2020-05-18T21:49:26.9735889+02:00" endTime="2020-05-18T21:49:26.9735916+02:00" testType="13cdc9d9-ddb5-4fa4-a97d-d965ccfc6d4b" outcome="Passed" testListId="8c84fa94-04c1-424b-9868-57a2d4851a1d" relativeResultsDirectory="c1dc2f76-b1d9-4266-b87d-e9f94e50ec46" />
    <UnitTestResult executionId="cba78e41-1f25-4b41-85e6-bf7a400c12c7" testId="eff1e9fe-2d1d-dc40-7308-ce9a06d48abb" testName="PersonId(value: -2147483648)" computerName="NBK4152321" duration="00:00:00.0000113" startTime="2020-05-18T21:49:26.8120061+02:00" endTime="2020-05-18T21:49:26.8120083+02:00" testType="13cdc9d9-ddb5-4fa4-a97d-d965ccfc6d4b" outcome="Passed" testListId="8c84fa94-04c1-424b-9868-57a2d4851a1d" relativeResultsDirectory="cba78e41-1f25-4b41-85e6-bf7a400c12c7" />
    <UnitTestResult executionId="bec68684-627c-434d-9587-fd801dd50066" testId="65d12714-bc65-d703-5012-41cf4701419e" testName="BirthDate(value: 2000-01-01T00:00:00.0000000)" computerName="NBK4152321" duration="00:00:00.0000155" startTime="2020-05-18T21:49:26.8610391+02:00" endTime="2020-05-18T21:49:26.8610410+02:00" testType="13cdc9d9-ddb5-4fa4-a97d-d965ccfc6d4b" outcome="Passed" testListId="8c84fa94-04c1-424b-9868-57a2d4851a1d" relativeResultsDirectory="bec68684-627c-434d-9587-fd801dd50066" />
    <UnitTestResult executionId="5d8e6c98-df43-4827-a5a0-9b2bca799bbc" testId="97fed8fd-b352-fb62-eade-4e060f747fb6" testName="PeoplePresentAreNotAdded(name: &quot;Dick&quot;)" computerName="NBK4152321" duration="00:00:00.0018435" startTime="2020-05-18T21:49:26.9729624+02:00" endTime="2020-05-18T21:49:26.9729654+02:00" testType="13cdc9d9-ddb5-4fa4-a97d-d965ccfc6d4b" outcome="Passed" testListId="8c84fa94-04c1-424b-9868-57a2d4851a1d" relativeResultsDirectory="5d8e6c98-df43-4827-a5a0-9b2bca799bbc" />
    <UnitTestResult executionId="411a79dd-f588-4d44-b013-e91581ceff52" testId="995a544b-4ccf-5a1c-1868-8838f4be29a7" testName="Name(value: &quot;&quot;)" computerName="NBK4152321" duration="00:00:00.0000103" startTime="2020-05-18T21:49:26.8664489+02:00" endTime="2020-05-18T21:49:26.8664507+02:00" testType="13cdc9d9-ddb5-4fa4-a97d-d965ccfc6d4b" outcome="Passed" testListId="8c84fa94-04c1-424b-9868-57a2d4851a1d" relativeResultsDirectory="411a79dd-f588-4d44-b013-e91581ceff52" />
    <UnitTestResult executionId="1dcdc3cf-ee25-482a-9ef7-5fe5fd552f37" testId="6a552384-d06c-602d-fdab-740ceb404074" testName="ReturnsPhotoUrl(id: 2147483647)" computerName="NBK4152321" duration="00:00:00.0000184" startTime="2020-05-18T21:49:26.8666367+02:00" endTime="2020-05-18T21:49:26.8666385+02:00" testType="13cdc9d9-ddb5-4fa4-a97d-d965ccfc6d4b" outcome="Passed" testListId="8c84fa94-04c1-424b-9868-57a2d4851a1d" relativeResultsDirectory="1dcdc3cf-ee25-482a-9ef7-5fe5fd552f37" />
    <UnitTestResult executionId="79498d13-c2e5-4104-a96f-3348cb40709b" testId="7d3ebd9e-49ec-4494-9a5f-987b7dbb1a43" testName="ReturnsPhotoUrl(id: 0)" computerName="NBK4152321" duration="00:00:00.0000628" startTime="2020-05-18T21:49:26.8665226+02:00" endTime="2020-05-18T21:49:26.8665246+02:00" testType="13cdc9d9-ddb5-4fa4-a97d-d965ccfc6d4b" outcome="Passed" testListId="8c84fa94-04c1-424b-9868-57a2d4851a1d" relativeResultsDirectory="79498d13-c2e5-4104-a96f-3348cb40709b" />
    <UnitTestResult executionId="1a06074a-c948-49aa-b14f-31035e187322" testId="ac72b107-1ca0-a700-fc1a-7d93ee1ce3cd" testName="BirthDate(value: 0001-01-01T00:00:00.0000000)" computerName="NBK4152321" duration="00:00:00.0076307" startTime="2020-05-18T21:49:26.8062135+02:00" endTime="2020-05-18T21:49:26.8062162+02:00" testType="13cdc9d9-ddb5-4fa4-a97d-d965ccfc6d4b" outcome="Passed" testListId="8c84fa94-04c1-424b-9868-57a2d4851a1d" relativeResultsDirectory="1a06074a-c948-49aa-b14f-31035e187322" />
    <UnitTestResult executionId="c2e5270a-54b5-4d18-b6d4-64f5b707a4be" testId="684553a4-3c3a-e62a-dfc2-d45dff508278" testName="ReturnsPhotoUrl(id: -1)" computerName="NBK4152321" duration="00:00:00.0000181" startTime="2020-05-18T21:49:26.8704032+02:00" endTime="2020-05-18T21:49:26.8704054+02:00" testType="13cdc9d9-ddb5-4fa4-a97d-d965ccfc6d4b" outcome="Passed" testListId="8c84fa94-04c1-424b-9868-57a2d4851a1d" relativeResultsDirectory="c2e5270a-54b5-4d18-b6d4-64f5b707a4be" />
    <UnitTestResult executionId="98605a9d-84f4-4eaa-8122-370a8f4f6652" testId="7b8350a8-f9d6-81a5-d2c1-b781c15cd156" testName="PersonId(value: -1)" computerName="NBK4152321" duration="00:00:00.0000105" startTime="2020-05-18T21:49:26.8599410+02:00" endTime="2020-05-18T21:49:26.8599434+02:00" testType="13cdc9d9-ddb5-4fa4-a97d-d965ccfc6d4b" outcome="Passed" testListId="8c84fa94-04c1-424b-9868-57a2d4851a1d" relativeResultsDirectory="98605a9d-84f4-4eaa-8122-370a8f4f6652" />
    <UnitTestResult executionId="475233d7-3889-4e2b-bef3-dc8a8f8b80ed" testId="25ef05a2-3cb7-ab19-b1a2-2c8faec9fc34" testName="Nationality(value: &quot;&quot;)" computerName="NBK4152321" duration="00:00:00.0000111" startTime="2020-05-18T21:49:26.8605940+02:00" endTime="2020-05-18T21:49:26.8605963+02:00" testType="13cdc9d9-ddb5-4fa4-a97d-d965ccfc6d4b" outcome="Passed" testListId="8c84fa94-04c1-424b-9868-57a2d4851a1d" relativeResultsDirectory="475233d7-3889-4e2b-bef3-dc8a8f8b80ed" />
    <UnitTestResult executionId="93b9aeae-ee59-4ef7-9890-e2d08b73ad3c" testId="36096c7a-3a4b-8558-cd8a-f63e2e559a94" testName="PersonId(value: -10)" computerName="NBK4152321" duration="00:00:00.0000149" startTime="2020-05-18T21:49:26.8116410+02:00" endTime="2020-05-18T21:49:26.8116428+02:00" testType="13cdc9d9-ddb5-4fa4-a97d-d965ccfc6d4b" outcome="Passed" testListId="8c84fa94-04c1-424b-9868-57a2d4851a1d" relativeResultsDirectory="93b9aeae-ee59-4ef7-9890-e2d08b73ad3c" />
    <UnitTestResult executionId="7f2c6b67-39dd-40b1-856a-c27b779f1262" testId="89bcd582-0c41-e159-240a-8b7199f89487" testName="Name(value: &quot;testline&quot;)" computerName="NBK4152321" duration="00:00:00.0000116" startTime="2020-05-18T21:49:26.8663302+02:00" endTime="2020-05-18T21:49:26.8663319+02:00" testType="13cdc9d9-ddb5-4fa4-a97d-d965ccfc6d4b" outcome="Passed" testListId="8c84fa94-04c1-424b-9868-57a2d4851a1d" relativeResultsDirectory="7f2c6b67-39dd-40b1-856a-c27b779f1262" />
    <UnitTestResult executionId="bbf5d310-372e-412b-8000-f4b6e0f0ac16" testId="29d702e8-a2b9-38f4-1238-f0ea6ab717fe" testName="ReturnsPhotoUrl(id: -2147483648)" computerName="NBK4152321" duration="00:00:00.0000436" startTime="2020-05-18T21:49:26.8705317+02:00" endTime="2020-05-18T21:49:26.8705338+02:00" testType="13cdc9d9-ddb5-4fa4-a97d-d965ccfc6d4b" outcome="Passed" testListId="8c84fa94-04c1-424b-9868-57a2d4851a1d" relativeResultsDirectory="bbf5d310-372e-412b-8000-f4b6e0f0ac16" />
    <UnitTestResult executionId="7ccefea0-1bdf-45ac-a481-8c9c7fefc8bf" testId="48b0930a-7164-1fc9-de95-b724e9191db9" testName="PeopleNotPresentAreAdded(name: &quot;Hans&quot;)" computerName="NBK4152321" duration="00:00:00.1854212" startTime="2020-05-18T21:49:26.9694846+02:00" endTime="2020-05-18T21:49:26.9694906+02:00" testType="13cdc9d9-ddb5-4fa4-a97d-d965ccfc6d4b" outcome="Passed" testListId="8c84fa94-04c1-424b-9868-57a2d4851a1d" relativeResultsDirectory="7ccefea0-1bdf-45ac-a481-8c9c7fefc8bf" />
    <UnitTestResult executionId="8f7da1ac-9734-4c01-ba4f-e7638fe63632" testId="d8efa613-b0e9-92dd-a6d3-5328f86fd6df" testName="PersonId(value: 2147483647)" computerName="NBK4152321" duration="00:00:00.0000129" startTime="2020-05-18T21:49:26.8118210+02:00" endTime="2020-05-18T21:49:26.8118227+02:00" testType="13cdc9d9-ddb5-4fa4-a97d-d965ccfc6d4b" outcome="Passed" testListId="8c84fa94-04c1-424b-9868-57a2d4851a1d" relativeResultsDirectory="8f7da1ac-9734-4c01-ba4f-e7638fe63632" />
    <UnitTestResult executionId="45b5fe31-7e07-4994-ad6d-377361e54e49" testId="90f48ecf-064d-e89f-bb4a-58f44108863c" testName="BirthDate(value: 1782-09-05T00:00:00.0000000)" computerName="NBK4152321" duration="00:00:00.0000145" startTime="2020-05-18T21:49:26.8608544+02:00" endTime="2020-05-18T21:49:26.8608561+02:00" testType="13cdc9d9-ddb5-4fa4-a97d-d965ccfc6d4b" outcome="Passed" testListId="8c84fa94-04c1-424b-9868-57a2d4851a1d" relativeResultsDirectory="45b5fe31-7e07-4994-ad6d-377361e54e49" />
    <UnitTestResult executionId="f1363ea8-a4b5-4d5c-97a4-9d942bfc6786" testId="dfcb5f93-5c9b-ebe2-376c-b844953015e7" testName="BirthDate(value: 1900-01-01T00:00:00.0000000)" computerName="NBK4152321" duration="00:00:00.0000126" startTime="2020-05-18T21:49:26.8606661+02:00" endTime="2020-05-18T21:49:26.8606684+02:00" testType="13cdc9d9-ddb5-4fa4-a97d-d965ccfc6d4b" outcome="Passed" testListId="8c84fa94-04c1-424b-9868-57a2d4851a1d" relativeResultsDirectory="f1363ea8-a4b5-4d5c-97a4-9d942bfc6786" />
    <UnitTestResult executionId="47c6dc88-9c2a-48a1-8ba6-f6a5c946462a" testId="c9e4c47d-e4ba-7a18-0b75-8ca423d946b2" testName="Nationality(value: null)" computerName="NBK4152321" duration="00:00:00.0000169" startTime="2020-05-18T21:49:26.8604188+02:00" endTime="2020-05-18T21:49:26.8604207+02:00" testType="13cdc9d9-ddb5-4fa4-a97d-d965ccfc6d4b" outcome="Passed" testListId="8c84fa94-04c1-424b-9868-57a2d4851a1d" relativeResultsDirectory="47c6dc88-9c2a-48a1-8ba6-f6a5c946462a" />
    <UnitTestResult executionId="fffa1069-e6a1-40eb-a682-e2b9b8410380" testId="a246599f-430d-d956-7fe0-3d599abd9312" testName="ReturnsPhotoUrl(id: -10)" computerName="NBK4152321" duration="00:00:00.0003819" startTime="2020-05-18T21:49:26.8660211+02:00" endTime="2020-05-18T21:49:26.8660227+02:00" testType="13cdc9d9-ddb5-4fa4-a97d-d965ccfc6d4b" outcome="Passed" testListId="8c84fa94-04c1-424b-9868-57a2d4851a1d" relativeResultsDirectory="fffa1069-e6a1-40eb-a682-e2b9b8410380" />
    <UnitTestResult executionId="4cf91bff-5523-4125-9212-5913a059fbde" testId="95eab1f0-7964-d181-23b5-01721380f853" testName="PersonId(value: 1)" computerName="NBK4152321" duration="00:00:00.0000500" startTime="2020-05-18T21:49:26.8114977+02:00" endTime="2020-05-18T21:49:26.8115222+02:00" testType="13cdc9d9-ddb5-4fa4-a97d-d965ccfc6d4b" outcome="Passed" testListId="8c84fa94-04c1-424b-9868-57a2d4851a1d" relativeResultsDirectory="4cf91bff-5523-4125-9212-5913a059fbde" />
    <UnitTestResult executionId="c2207cb1-58e6-4eb5-97c9-1e8869c85141" testId="6ccacdf5-aec4-25b1-07c5-b4ec866ea351" testName="Nationality(value: &quot;testline&quot;)" computerName="NBK4152321" duration="00:00:00.0000392" startTime="2020-05-18T21:49:26.8602543+02:00" endTime="2020-05-18T21:49:26.8602562+02:00" testType="13cdc9d9-ddb5-4fa4-a97d-d965ccfc6d4b" outcome="Passed" testListId="8c84fa94-04c1-424b-9868-57a2d4851a1d" relativeResultsDirectory="c2207cb1-58e6-4eb5-97c9-1e8869c85141" />
    <UnitTestResult executionId="ca64aa06-f2cd-49f1-91fb-49943836c031" testId="560e7b09-d8ae-ca54-53c7-1fbf98ea90fc" testName="Name(value: null)" computerName="NBK4152321" duration="00:00:00.0000252" startTime="2020-05-18T21:49:26.8661444+02:00" endTime="2020-05-18T21:49:26.8661461+02:00" testType="13cdc9d9-ddb5-4fa4-a97d-d965ccfc6d4b" outcome="Passed" testListId="8c84fa94-04c1-424b-9868-57a2d4851a1d" relativeResultsDirectory="ca64aa06-f2cd-49f1-91fb-49943836c031" />
    <UnitTestResult executionId="73ca3ec7-d148-468d-8072-3f219868924a" testId="90a86e47-a96b-05e5-2eb5-e5bfe1c7960d" testName="Name(value: &quot;12345678910111213141516171819202122232425262728293&quot;...)" computerName="NBK4152321" duration="00:00:00.0009365" startTime="2020-05-18T21:49:26.8659135+02:00" endTime="2020-05-18T21:49:26.8659158+02:00" testType="13cdc9d9-ddb5-4fa4-a97d-d965ccfc6d4b" outcome="Passed" testListId="8c84fa94-04c1-424b-9868-57a2d4851a1d" relativeResultsDirectory="73ca3ec7-d148-468d-8072-3f219868924a" />
  </Results>
  <TestDefinitions>
    <UnitTest name="ReturnsPhotoUrl(id: -1)" storage="/mnt/c/sources/repos/smoelenboek/centric.learning.smoelenboek/tst/centric.learning.smoelenboek.business.tests/bin/release/netcoreapp3.1/centric.learning.smoelenboek.business.tests.dll" id="684553a4-3c3a-e62a-dfc2-d45dff508278">
      <Execution id="c2e5270a-54b5-4d18-b6d4-64f5b707a4be" />
      <TestMethod codeBase="/mnt/c/Sources/Repos/Smoelenboek/Centric.Learning.Smoelenboek/tst/Centric.Learning.Smoelenboek.Business.Tests/bin/Release/netcoreapp3.1/Centric.Learning.Smoelenboek.Business.Tests.dll" adapterTypeName="executor://xunit/VsTestRunner2/netcoreapp" className="Centric.Learning.Smoelenboek.Business.Tests.PersonTests+ImageUrlTests" name="WhenCalled_ReturnsRelativePhotoUrlContainingPersonId" />
    </UnitTest>
    <UnitTest name="BirthDate(value: 1900-01-01T00:00:00.0000000)" storage="/mnt/c/sources/repos/smoelenboek/centric.learning.smoelenboek/tst/centric.learning.smoelenboek.business.tests/bin/release/netcoreapp3.1/centric.learning.smoelenboek.business.tests.dll" id="dfcb5f93-5c9b-ebe2-376c-b844953015e7">
      <Execution id="f1363ea8-a4b5-4d5c-97a4-9d942bfc6786" />
      <TestMethod codeBase="/mnt/c/Sources/Repos/Smoelenboek/Centric.Learning.Smoelenboek/tst/Centric.Learning.Smoelenboek.Business.Tests/bin/Release/netcoreapp3.1/Centric.Learning.Smoelenboek.Business.Tests.dll" adapterTypeName="executor://xunit/VsTestRunner2/netcoreapp" className="Centric.Learning.Smoelenboek.Business.Tests.PersonTests+BirthDateTests" name="WhenSet_ReturnsSetValue" />
    </UnitTest>
    <UnitTest name="PersonId(value: 1)" storage="/mnt/c/sources/repos/smoelenboek/centric.learning.smoelenboek/tst/centric.learning.smoelenboek.business.tests/bin/release/netcoreapp3.1/centric.learning.smoelenboek.business.tests.dll" id="95eab1f0-7964-d181-23b5-01721380f853">
      <Execution id="4cf91bff-5523-4125-9212-5913a059fbde" />
      <TestMethod codeBase="/mnt/c/Sources/Repos/Smoelenboek/Centric.Learning.Smoelenboek/tst/Centric.Learning.Smoelenboek.Business.Tests/bin/Release/netcoreapp3.1/Centric.Learning.Smoelenboek.Business.Tests.dll" adapterTypeName="executor://xunit/VsTestRunner2/netcoreapp" className="Centric.Learning.Smoelenboek.Business.Tests.PersonTests+PersonIdTests" name="WhenSet_ReturnsSetValue" />
    </UnitTest>
    <UnitTest name="ReturnsPhotoUrl(id: 1)" storage="/mnt/c/sources/repos/smoelenboek/centric.learning.smoelenboek/tst/centric.learning.smoelenboek.business.tests/bin/release/netcoreapp3.1/centric.learning.smoelenboek.business.tests.dll" id="3534b24c-da6a-929c-b347-8966c071ce7f">
      <Execution id="794c0839-50ec-4c0f-867e-01d7524597f6" />
      <TestMethod codeBase="/mnt/c/Sources/Repos/Smoelenboek/Centric.Learning.Smoelenboek/tst/Centric.Learning.Smoelenboek.Business.Tests/bin/Release/netcoreapp3.1/Centric.Learning.Smoelenboek.Business.Tests.dll" adapterTypeName="executor://xunit/VsTestRunner2/netcoreapp" className="Centric.Learning.Smoelenboek.Business.Tests.PersonTests+ImageUrlTests" name="WhenCalled_ReturnsRelativePhotoUrlContainingPersonId" />
    </UnitTest>
    <UnitTest name="PersonId(value: 2147483647)" storage="/mnt/c/sources/repos/smoelenboek/centric.learning.smoelenboek/tst/centric.learning.smoelenboek.business.tests/bin/release/netcoreapp3.1/centric.learning.smoelenboek.business.tests.dll" id="d8efa613-b0e9-92dd-a6d3-5328f86fd6df">
      <Execution id="8f7da1ac-9734-4c01-ba4f-e7638fe63632" />
      <TestMethod codeBase="/mnt/c/Sources/Repos/Smoelenboek/Centric.Learning.Smoelenboek/tst/Centric.Learning.Smoelenboek.Business.Tests/bin/Release/netcoreapp3.1/Centric.Learning.Smoelenboek.Business.Tests.dll" adapterTypeName="executor://xunit/VsTestRunner2/netcoreapp" className="Centric.Learning.Smoelenboek.Business.Tests.PersonTests+PersonIdTests" name="WhenSet_ReturnsSetValue" />
    </UnitTest>
    <UnitTest name="BirthDate(value: 0001-01-01T00:00:00.0000000)" storage="/mnt/c/sources/repos/smoelenboek/centric.learning.smoelenboek/tst/centric.learning.smoelenboek.business.tests/bin/release/netcoreapp3.1/centric.learning.smoelenboek.business.tests.dll" id="ac72b107-1ca0-a700-fc1a-7d93ee1ce3cd">
      <Execution id="1a06074a-c948-49aa-b14f-31035e187322" />
      <TestMethod codeBase="/mnt/c/Sources/Repos/Smoelenboek/Centric.Learning.Smoelenboek/tst/Centric.Learning.Smoelenboek.Business.Tests/bin/Release/netcoreapp3.1/Centric.Learning.Smoelenboek.Business.Tests.dll" adapterTypeName="executor://xunit/VsTestRunner2/netcoreapp" className="Centric.Learning.Smoelenboek.Business.Tests.PersonTests+BirthDateTests" name="WhenSet_ReturnsSetValue" />
    </UnitTest>
    <UnitTest name="Nationality(value: &quot;testline&quot;)" storage="/mnt/c/sources/repos/smoelenboek/centric.learning.smoelenboek/tst/centric.learning.smoelenboek.business.tests/bin/release/netcoreapp3.1/centric.learning.smoelenboek.business.tests.dll" id="6ccacdf5-aec4-25b1-07c5-b4ec866ea351">
      <Execution id="c2207cb1-58e6-4eb5-97c9-1e8869c85141" />
      <TestMethod codeBase="/mnt/c/Sources/Repos/Smoelenboek/Centric.Learning.Smoelenboek/tst/Centric.Learning.Smoelenboek.Business.Tests/bin/Release/netcoreapp3.1/Centric.Learning.Smoelenboek.Business.Tests.dll" adapterTypeName="executor://xunit/VsTestRunner2/netcoreapp" className="Centric.Learning.Smoelenboek.Business.Tests.PersonTests+NatonalityTests" name="WhenSet_ReturnsSetValue" />
    </UnitTest>
    <UnitTest name="PersonId(value: 0)" storage="/mnt/c/sources/repos/smoelenboek/centric.learning.smoelenboek/tst/centric.learning.smoelenboek.business.tests/bin/release/netcoreapp3.1/centric.learning.smoelenboek.business.tests.dll" id="c737fef7-d753-85c3-0b69-627637fab85f">
      <Execution id="b912f779-38d3-4ef2-b4fc-4d6436923eff" />
      <TestMethod codeBase="/mnt/c/Sources/Repos/Smoelenboek/Centric.Learning.Smoelenboek/tst/Centric.Learning.Smoelenboek.Business.Tests/bin/Release/netcoreapp3.1/Centric.Learning.Smoelenboek.Business.Tests.dll" adapterTypeName="executor://xunit/VsTestRunner2/netcoreapp" className="Centric.Learning.Smoelenboek.Business.Tests.PersonTests+PersonIdTests" name="WhenSet_ReturnsSetValue" />
    </UnitTest>
    <UnitTest name="Nationality(value: &quot;12345678910111213141516171819202122232425262728293&quot;...)" storage="/mnt/c/sources/repos/smoelenboek/centric.learning.smoelenboek/tst/centric.learning.smoelenboek.business.tests/bin/release/netcoreapp3.1/centric.learning.smoelenboek.business.tests.dll" id="1543dcfd-21f2-670b-146c-2597900e2b42">
      <Execution id="805d9db8-59ab-48d3-bf19-c103b5ed4d0f" />
      <TestMethod codeBase="/mnt/c/Sources/Repos/Smoelenboek/Centric.Learning.Smoelenboek/tst/Centric.Learning.Smoelenboek.Business.Tests/bin/Release/netcoreapp3.1/Centric.Learning.Smoelenboek.Business.Tests.dll" adapterTypeName="executor://xunit/VsTestRunner2/netcoreapp" className="Centric.Learning.Smoelenboek.Business.Tests.PersonTests+NatonalityTests" name="WhenSet_ReturnsSetValue" />
    </UnitTest>
    <UnitTest name="BirthDate(value: 2000-01-01T00:00:00.0000000)" storage="/mnt/c/sources/repos/smoelenboek/centric.learning.smoelenboek/tst/centric.learning.smoelenboek.business.tests/bin/release/netcoreapp3.1/centric.learning.smoelenboek.business.tests.dll" id="65d12714-bc65-d703-5012-41cf4701419e">
      <Execution id="bec68684-627c-434d-9587-fd801dd50066" />
      <TestMethod codeBase="/mnt/c/Sources/Repos/Smoelenboek/Centric.Learning.Smoelenboek/tst/Centric.Learning.Smoelenboek.Business.Tests/bin/Release/netcoreapp3.1/Centric.Learning.Smoelenboek.Business.Tests.dll" adapterTypeName="executor://xunit/VsTestRunner2/netcoreapp" className="Centric.Learning.Smoelenboek.Business.Tests.PersonTests+BirthDateTests" name="WhenSet_ReturnsSetValue" />
    </UnitTest>
    <UnitTest name="Nationality(value: &quot;&quot;)" storage="/mnt/c/sources/repos/smoelenboek/centric.learning.smoelenboek/tst/centric.learning.smoelenboek.business.tests/bin/release/netcoreapp3.1/centric.learning.smoelenboek.business.tests.dll" id="25ef05a2-3cb7-ab19-b1a2-2c8faec9fc34">
      <Execution id="475233d7-3889-4e2b-bef3-dc8a8f8b80ed" />
      <TestMethod codeBase="/mnt/c/Sources/Repos/Smoelenboek/Centric.Learning.Smoelenboek/tst/Centric.Learning.Smoelenboek.Business.Tests/bin/Release/netcoreapp3.1/Centric.Learning.Smoelenboek.Business.Tests.dll" adapterTypeName="executor://xunit/VsTestRunner2/netcoreapp" className="Centric.Learning.Smoelenboek.Business.Tests.PersonTests+NatonalityTests" name="WhenSet_ReturnsSetValue" />
    </UnitTest>
    <UnitTest name="PersonId(value: -1)" storage="/mnt/c/sources/repos/smoelenboek/centric.learning.smoelenboek/tst/centric.learning.smoelenboek.business.tests/bin/release/netcoreapp3.1/centric.learning.smoelenboek.business.tests.dll" id="7b8350a8-f9d6-81a5-d2c1-b781c15cd156">
      <Execution id="98605a9d-84f4-4eaa-8122-370a8f4f6652" />
      <TestMethod codeBase="/mnt/c/Sources/Repos/Smoelenboek/Centric.Learning.Smoelenboek/tst/Centric.Learning.Smoelenboek.Business.Tests/bin/Release/netcoreapp3.1/Centric.Learning.Smoelenboek.Business.Tests.dll" adapterTypeName="executor://xunit/VsTestRunner2/netcoreapp" className="Centric.Learning.Smoelenboek.Business.Tests.PersonTests+PersonIdTests" name="WhenSet_ReturnsSetValue" />
    </UnitTest>
    <UnitTest name="PersonId(value: -2147483648)" storage="/mnt/c/sources/repos/smoelenboek/centric.learning.smoelenboek/tst/centric.learning.smoelenboek.business.tests/bin/release/netcoreapp3.1/centric.learning.smoelenboek.business.tests.dll" id="eff1e9fe-2d1d-dc40-7308-ce9a06d48abb">
      <Execution id="cba78e41-1f25-4b41-85e6-bf7a400c12c7" />
      <TestMethod codeBase="/mnt/c/Sources/Repos/Smoelenboek/Centric.Learning.Smoelenboek/tst/Centric.Learning.Smoelenboek.Business.Tests/bin/Release/netcoreapp3.1/Centric.Learning.Smoelenboek.Business.Tests.dll" adapterTypeName="executor://xunit/VsTestRunner2/netcoreapp" className="Centric.Learning.Smoelenboek.Business.Tests.PersonTests+PersonIdTests" name="WhenSet_ReturnsSetValue" />
    </UnitTest>
    <UnitTest name="Nationality(value: null)" storage="/mnt/c/sources/repos/smoelenboek/centric.learning.smoelenboek/tst/centric.learning.smoelenboek.business.tests/bin/release/netcoreapp3.1/centric.learning.smoelenboek.business.tests.dll" id="c9e4c47d-e4ba-7a18-0b75-8ca423d946b2">
      <Execution id="47c6dc88-9c2a-48a1-8ba6-f6a5c946462a" />
      <TestMethod codeBase="/mnt/c/Sources/Repos/Smoelenboek/Centric.Learning.Smoelenboek/tst/Centric.Learning.Smoelenboek.Business.Tests/bin/Release/netcoreapp3.1/Centric.Learning.Smoelenboek.Business.Tests.dll" adapterTypeName="executor://xunit/VsTestRunner2/netcoreapp" className="Centric.Learning.Smoelenboek.Business.Tests.PersonTests+NatonalityTests" name="WhenSet_ReturnsSetValue" />
    </UnitTest>
    <UnitTest name="PeoplePresentAreNotAdded(name: &quot;Hans&quot;)" storage="/mnt/c/sources/repos/smoelenboek/centric.learning.smoelenboek/tst/centric.learning.smoelenboek.business.tests/bin/release/netcoreapp3.1/centric.learning.smoelenboek.business.tests.dll" id="dee5a526-7e66-a1c2-8a10-21acdf19ce09">
      <Execution id="c1dc2f76-b1d9-4266-b87d-e9f94e50ec46" />
      <TestMethod codeBase="/mnt/c/Sources/Repos/Smoelenboek/Centric.Learning.Smoelenboek/tst/Centric.Learning.Smoelenboek.Business.Tests/bin/Release/netcoreapp3.1/Centric.Learning.Smoelenboek.Business.Tests.dll" adapterTypeName="executor://xunit/VsTestRunner2/netcoreapp" className="Centric.Learning.Smoelenboek.Business.Tests.InitializerTests+InitialiseTests" name="WhenPersonIsPresent_DoNotAddPerson" />
    </UnitTest>
    <UnitTest name="Name(value: &quot;&quot;)" storage="/mnt/c/sources/repos/smoelenboek/centric.learning.smoelenboek/tst/centric.learning.smoelenboek.business.tests/bin/release/netcoreapp3.1/centric.learning.smoelenboek.business.tests.dll" id="995a544b-4ccf-5a1c-1868-8838f4be29a7">
      <Execution id="411a79dd-f588-4d44-b013-e91581ceff52" />
      <TestMethod codeBase="/mnt/c/Sources/Repos/Smoelenboek/Centric.Learning.Smoelenboek/tst/Centric.Learning.Smoelenboek.Business.Tests/bin/Release/netcoreapp3.1/Centric.Learning.Smoelenboek.Business.Tests.dll" adapterTypeName="executor://xunit/VsTestRunner2/netcoreapp" className="Centric.Learning.Smoelenboek.Business.Tests.PersonTests+NameTests" name="WhenSet_ReturnsSetValue" />
    </UnitTest>
    <UnitTest name="BirthDate(value: 9999-12-31T23:59:59.9999999)" storage="/mnt/c/sources/repos/smoelenboek/centric.learning.smoelenboek/tst/centric.learning.smoelenboek.business.tests/bin/release/netcoreapp3.1/centric.learning.smoelenboek.business.tests.dll" id="141af9ae-40fc-c8a6-5641-5e709681a481">
      <Execution id="a7ed0da6-b5cc-4d3f-85c1-444e00ebf6b4" />
      <TestMethod codeBase="/mnt/c/Sources/Repos/Smoelenboek/Centric.Learning.Smoelenboek/tst/Centric.Learning.Smoelenboek.Business.Tests/bin/Release/netcoreapp3.1/Centric.Learning.Smoelenboek.Business.Tests.dll" adapterTypeName="executor://xunit/VsTestRunner2/netcoreapp" className="Centric.Learning.Smoelenboek.Business.Tests.PersonTests+BirthDateTests" name="WhenSet_ReturnsSetValue" />
    </UnitTest>
    <UnitTest name="PersonId(value: 10)" storage="/mnt/c/sources/repos/smoelenboek/centric.learning.smoelenboek/tst/centric.learning.smoelenboek.business.tests/bin/release/netcoreapp3.1/centric.learning.smoelenboek.business.tests.dll" id="a29d2473-31a0-7444-498e-63b2f8cf05b9">
      <Execution id="5e90af0b-a68c-48e4-ac69-20fd2472c8bb" />
      <TestMethod codeBase="/mnt/c/Sources/Repos/Smoelenboek/Centric.Learning.Smoelenboek/tst/Centric.Learning.Smoelenboek.Business.Tests/bin/Release/netcoreapp3.1/Centric.Learning.Smoelenboek.Business.Tests.dll" adapterTypeName="executor://xunit/VsTestRunner2/netcoreapp" className="Centric.Learning.Smoelenboek.Business.Tests.PersonTests+PersonIdTests" name="WhenSet_ReturnsSetValue" />
    </UnitTest>
    <UnitTest name="Name(value: &quot;12345678910111213141516171819202122232425262728293&quot;...)" storage="/mnt/c/sources/repos/smoelenboek/centric.learning.smoelenboek/tst/centric.learning.smoelenboek.business.tests/bin/release/netcoreapp3.1/centric.learning.smoelenboek.business.tests.dll" id="90a86e47-a96b-05e5-2eb5-e5bfe1c7960d">
      <Execution id="73ca3ec7-d148-468d-8072-3f219868924a" />
      <TestMethod codeBase="/mnt/c/Sources/Repos/Smoelenboek/Centric.Learning.Smoelenboek/tst/Centric.Learning.Smoelenboek.Business.Tests/bin/Release/netcoreapp3.1/Centric.Learning.Smoelenboek.Business.Tests.dll" adapterTypeName="executor://xunit/VsTestRunner2/netcoreapp" className="Centric.Learning.Smoelenboek.Business.Tests.PersonTests+NameTests" name="WhenSet_ReturnsSetValue" />
    </UnitTest>
    <UnitTest name="ReturnsPhotoUrl(id: -10)" storage="/mnt/c/sources/repos/smoelenboek/centric.learning.smoelenboek/tst/centric.learning.smoelenboek.business.tests/bin/release/netcoreapp3.1/centric.learning.smoelenboek.business.tests.dll" id="a246599f-430d-d956-7fe0-3d599abd9312">
      <Execution id="fffa1069-e6a1-40eb-a682-e2b9b8410380" />
      <TestMethod codeBase="/mnt/c/Sources/Repos/Smoelenboek/Centric.Learning.Smoelenboek/tst/Centric.Learning.Smoelenboek.Business.Tests/bin/Release/netcoreapp3.1/Centric.Learning.Smoelenboek.Business.Tests.dll" adapterTypeName="executor://xunit/VsTestRunner2/netcoreapp" className="Centric.Learning.Smoelenboek.Business.Tests.PersonTests+ImageUrlTests" name="WhenCalled_ReturnsRelativePhotoUrlContainingPersonId" />
    </UnitTest>
    <UnitTest name="PeopleNotPresentAreAdded(name: &quot;Dick&quot;)" storage="/mnt/c/sources/repos/smoelenboek/centric.learning.smoelenboek/tst/centric.learning.smoelenboek.business.tests/bin/release/netcoreapp3.1/centric.learning.smoelenboek.business.tests.dll" id="7cbb2446-8bc2-f24b-abbd-c104051ec19e">
      <Execution id="76904e6e-d407-44ae-9497-9449e2f60d8c" />
      <TestMethod codeBase="/mnt/c/Sources/Repos/Smoelenboek/Centric.Learning.Smoelenboek/tst/Centric.Learning.Smoelenboek.Business.Tests/bin/Release/netcoreapp3.1/Centric.Learning.Smoelenboek.Business.Tests.dll" adapterTypeName="executor://xunit/VsTestRunner2/netcoreapp" className="Centric.Learning.Smoelenboek.Business.Tests.InitializerTests+InitialiseTests" name="WhenPersonIsNotPresent_PersonIsAddedWithJpegImage" />
    </UnitTest>
    <UnitTest name="ReturnsPhotoUrl(id: -2147483648)" storage="/mnt/c/sources/repos/smoelenboek/centric.learning.smoelenboek/tst/centric.learning.smoelenboek.business.tests/bin/release/netcoreapp3.1/centric.learning.smoelenboek.business.tests.dll" id="29d702e8-a2b9-38f4-1238-f0ea6ab717fe">
      <Execution id="bbf5d310-372e-412b-8000-f4b6e0f0ac16" />
      <TestMethod codeBase="/mnt/c/Sources/Repos/Smoelenboek/Centric.Learning.Smoelenboek/tst/Centric.Learning.Smoelenboek.Business.Tests/bin/Release/netcoreapp3.1/Centric.Learning.Smoelenboek.Business.Tests.dll" adapterTypeName="executor://xunit/VsTestRunner2/netcoreapp" className="Centric.Learning.Smoelenboek.Business.Tests.PersonTests+ImageUrlTests" name="WhenCalled_ReturnsRelativePhotoUrlContainingPersonId" />
    </UnitTest>
    <UnitTest name="ReturnsPhotoUrl(id: 0)" storage="/mnt/c/sources/repos/smoelenboek/centric.learning.smoelenboek/tst/centric.learning.smoelenboek.business.tests/bin/release/netcoreapp3.1/centric.learning.smoelenboek.business.tests.dll" id="7d3ebd9e-49ec-4494-9a5f-987b7dbb1a43">
      <Execution id="79498d13-c2e5-4104-a96f-3348cb40709b" />
      <TestMethod codeBase="/mnt/c/Sources/Repos/Smoelenboek/Centric.Learning.Smoelenboek/tst/Centric.Learning.Smoelenboek.Business.Tests/bin/Release/netcoreapp3.1/Centric.Learning.Smoelenboek.Business.Tests.dll" adapterTypeName="executor://xunit/VsTestRunner2/netcoreapp" className="Centric.Learning.Smoelenboek.Business.Tests.PersonTests+ImageUrlTests" name="WhenCalled_ReturnsRelativePhotoUrlContainingPersonId" />
    </UnitTest>
    <UnitTest name="PeoplePresentAreNotAdded(name: &quot;Dick&quot;)" storage="/mnt/c/sources/repos/smoelenboek/centric.learning.smoelenboek/tst/centric.learning.smoelenboek.business.tests/bin/release/netcoreapp3.1/centric.learning.smoelenboek.business.tests.dll" id="97fed8fd-b352-fb62-eade-4e060f747fb6">
      <Execution id="5d8e6c98-df43-4827-a5a0-9b2bca799bbc" />
      <TestMethod codeBase="/mnt/c/Sources/Repos/Smoelenboek/Centric.Learning.Smoelenboek/tst/Centric.Learning.Smoelenboek.Business.Tests/bin/Release/netcoreapp3.1/Centric.Learning.Smoelenboek.Business.Tests.dll" adapterTypeName="executor://xunit/VsTestRunner2/netcoreapp" className="Centric.Learning.Smoelenboek.Business.Tests.InitializerTests+InitialiseTests" name="WhenPersonIsPresent_DoNotAddPerson" />
    </UnitTest>
    <UnitTest name="PeopleNotPresentAreAdded(name: &quot;Hans&quot;)" storage="/mnt/c/sources/repos/smoelenboek/centric.learning.smoelenboek/tst/centric.learning.smoelenboek.business.tests/bin/release/netcoreapp3.1/centric.learning.smoelenboek.business.tests.dll" id="48b0930a-7164-1fc9-de95-b724e9191db9">
      <Execution id="7ccefea0-1bdf-45ac-a481-8c9c7fefc8bf" />
      <TestMethod codeBase="/mnt/c/Sources/Repos/Smoelenboek/Centric.Learning.Smoelenboek/tst/Centric.Learning.Smoelenboek.Business.Tests/bin/Release/netcoreapp3.1/Centric.Learning.Smoelenboek.Business.Tests.dll" adapterTypeName="executor://xunit/VsTestRunner2/netcoreapp" className="Centric.Learning.Smoelenboek.Business.Tests.InitializerTests+InitialiseTests" name="WhenPersonIsNotPresent_PersonIsAddedWithJpegImage" />
    </UnitTest>
    <UnitTest name="ReturnsPhotoUrl(id: 2147483647)" storage="/mnt/c/sources/repos/smoelenboek/centric.learning.smoelenboek/tst/centric.learning.smoelenboek.business.tests/bin/release/netcoreapp3.1/centric.learning.smoelenboek.business.tests.dll" id="6a552384-d06c-602d-fdab-740ceb404074">
      <Execution id="1dcdc3cf-ee25-482a-9ef7-5fe5fd552f37" />
      <TestMethod codeBase="/mnt/c/Sources/Repos/Smoelenboek/Centric.Learning.Smoelenboek/tst/Centric.Learning.Smoelenboek.Business.Tests/bin/Release/netcoreapp3.1/Centric.Learning.Smoelenboek.Business.Tests.dll" adapterTypeName="executor://xunit/VsTestRunner2/netcoreapp" className="Centric.Learning.Smoelenboek.Business.Tests.PersonTests+ImageUrlTests" name="WhenCalled_ReturnsRelativePhotoUrlContainingPersonId" />
    </UnitTest>
    <UnitTest name="BirthDate(value: 1782-09-05T00:00:00.0000000)" storage="/mnt/c/sources/repos/smoelenboek/centric.learning.smoelenboek/tst/centric.learning.smoelenboek.business.tests/bin/release/netcoreapp3.1/centric.learning.smoelenboek.business.tests.dll" id="90f48ecf-064d-e89f-bb4a-58f44108863c">
      <Execution id="45b5fe31-7e07-4994-ad6d-377361e54e49" />
      <TestMethod codeBase="/mnt/c/Sources/Repos/Smoelenboek/Centric.Learning.Smoelenboek/tst/Centric.Learning.Smoelenboek.Business.Tests/bin/Release/netcoreapp3.1/Centric.Learning.Smoelenboek.Business.Tests.dll" adapterTypeName="executor://xunit/VsTestRunner2/netcoreapp" className="Centric.Learning.Smoelenboek.Business.Tests.PersonTests+BirthDateTests" name="WhenSet_ReturnsSetValue" />
    </UnitTest>
    <UnitTest name="Name(value: &quot;testline&quot;)" storage="/mnt/c/sources/repos/smoelenboek/centric.learning.smoelenboek/tst/centric.learning.smoelenboek.business.tests/bin/release/netcoreapp3.1/centric.learning.smoelenboek.business.tests.dll" id="89bcd582-0c41-e159-240a-8b7199f89487">
      <Execution id="7f2c6b67-39dd-40b1-856a-c27b779f1262" />
      <TestMethod codeBase="/mnt/c/Sources/Repos/Smoelenboek/Centric.Learning.Smoelenboek/tst/Centric.Learning.Smoelenboek.Business.Tests/bin/Release/netcoreapp3.1/Centric.Learning.Smoelenboek.Business.Tests.dll" adapterTypeName="executor://xunit/VsTestRunner2/netcoreapp" className="Centric.Learning.Smoelenboek.Business.Tests.PersonTests+NameTests" name="WhenSet_ReturnsSetValue" />
    </UnitTest>
    <UnitTest name="Name(value: null)" storage="/mnt/c/sources/repos/smoelenboek/centric.learning.smoelenboek/tst/centric.learning.smoelenboek.business.tests/bin/release/netcoreapp3.1/centric.learning.smoelenboek.business.tests.dll" id="560e7b09-d8ae-ca54-53c7-1fbf98ea90fc">
      <Execution id="ca64aa06-f2cd-49f1-91fb-49943836c031" />
      <TestMethod codeBase="/mnt/c/Sources/Repos/Smoelenboek/Centric.Learning.Smoelenboek/tst/Centric.Learning.Smoelenboek.Business.Tests/bin/Release/netcoreapp3.1/Centric.Learning.Smoelenboek.Business.Tests.dll" adapterTypeName="executor://xunit/VsTestRunner2/netcoreapp" className="Centric.Learning.Smoelenboek.Business.Tests.PersonTests+NameTests" name="WhenSet_ReturnsSetValue" />
    </UnitTest>
    <UnitTest name="BirthDate(value: 2020-05-18T00:00:00.0000000+02:00)" storage="/mnt/c/sources/repos/smoelenboek/centric.learning.smoelenboek/tst/centric.learning.smoelenboek.business.tests/bin/release/netcoreapp3.1/centric.learning.smoelenboek.business.tests.dll" id="964cb299-ba93-0560-41cd-6e8cb1ee9948">
      <Execution id="f4defe58-7d0b-4f48-8f2e-c81d428c5be5" />
      <TestMethod codeBase="/mnt/c/Sources/Repos/Smoelenboek/Centric.Learning.Smoelenboek/tst/Centric.Learning.Smoelenboek.Business.Tests/bin/Release/netcoreapp3.1/Centric.Learning.Smoelenboek.Business.Tests.dll" adapterTypeName="executor://xunit/VsTestRunner2/netcoreapp" className="Centric.Learning.Smoelenboek.Business.Tests.PersonTests+BirthDateTests" name="WhenSet_ReturnsSetValue" />
    </UnitTest>
    <UnitTest name="PersonId(value: -10)" storage="/mnt/c/sources/repos/smoelenboek/centric.learning.smoelenboek/tst/centric.learning.smoelenboek.business.tests/bin/release/netcoreapp3.1/centric.learning.smoelenboek.business.tests.dll" id="36096c7a-3a4b-8558-cd8a-f63e2e559a94">
      <Execution id="93b9aeae-ee59-4ef7-9890-e2d08b73ad3c" />
      <TestMethod codeBase="/mnt/c/Sources/Repos/Smoelenboek/Centric.Learning.Smoelenboek/tst/Centric.Learning.Smoelenboek.Business.Tests/bin/Release/netcoreapp3.1/Centric.Learning.Smoelenboek.Business.Tests.dll" adapterTypeName="executor://xunit/VsTestRunner2/netcoreapp" className="Centric.Learning.Smoelenboek.Business.Tests.PersonTests+PersonIdTests" name="WhenSet_ReturnsSetValue" />
    </UnitTest>
    <UnitTest name="ReturnsPhotoUrl(id: 10)" storage="/mnt/c/sources/repos/smoelenboek/centric.learning.smoelenboek/tst/centric.learning.smoelenboek.business.tests/bin/release/netcoreapp3.1/centric.learning.smoelenboek.business.tests.dll" id="3bcd6e2c-38d5-6f98-2b57-bbb84d3b75e8">
      <Execution id="a00e72da-ac5f-4af7-bf63-2ed0ed80f56b" />
      <TestMethod codeBase="/mnt/c/Sources/Repos/Smoelenboek/Centric.Learning.Smoelenboek/tst/Centric.Learning.Smoelenboek.Business.Tests/bin/Release/netcoreapp3.1/Centric.Learning.Smoelenboek.Business.Tests.dll" adapterTypeName="executor://xunit/VsTestRunner2/netcoreapp" className="Centric.Learning.Smoelenboek.Business.Tests.PersonTests+ImageUrlTests" name="WhenCalled_ReturnsRelativePhotoUrlContainingPersonId" />
    </UnitTest>
  </TestDefinitions>
  <TestEntries>
    <TestEntry testId="a29d2473-31a0-7444-498e-63b2f8cf05b9" executionId="5e90af0b-a68c-48e4-ac69-20fd2472c8bb" testListId="8c84fa94-04c1-424b-9868-57a2d4851a1d" />
    <TestEntry testId="141af9ae-40fc-c8a6-5641-5e709681a481" executionId="a7ed0da6-b5cc-4d3f-85c1-444e00ebf6b4" testListId="8c84fa94-04c1-424b-9868-57a2d4851a1d" />
    <TestEntry testId="964cb299-ba93-0560-41cd-6e8cb1ee9948" executionId="f4defe58-7d0b-4f48-8f2e-c81d428c5be5" testListId="8c84fa94-04c1-424b-9868-57a2d4851a1d" />
    <TestEntry testId="3534b24c-da6a-929c-b347-8966c071ce7f" executionId="794c0839-50ec-4c0f-867e-01d7524597f6" testListId="8c84fa94-04c1-424b-9868-57a2d4851a1d" />
    <TestEntry testId="c737fef7-d753-85c3-0b69-627637fab85f" executionId="b912f779-38d3-4ef2-b4fc-4d6436923eff" testListId="8c84fa94-04c1-424b-9868-57a2d4851a1d" />
    <TestEntry testId="3bcd6e2c-38d5-6f98-2b57-bbb84d3b75e8" executionId="a00e72da-ac5f-4af7-bf63-2ed0ed80f56b" testListId="8c84fa94-04c1-424b-9868-57a2d4851a1d" />
    <TestEntry testId="1543dcfd-21f2-670b-146c-2597900e2b42" executionId="805d9db8-59ab-48d3-bf19-c103b5ed4d0f" testListId="8c84fa94-04c1-424b-9868-57a2d4851a1d" />
    <TestEntry testId="7cbb2446-8bc2-f24b-abbd-c104051ec19e" executionId="76904e6e-d407-44ae-9497-9449e2f60d8c" testListId="8c84fa94-04c1-424b-9868-57a2d4851a1d" />
    <TestEntry testId="dee5a526-7e66-a1c2-8a10-21acdf19ce09" executionId="c1dc2f76-b1d9-4266-b87d-e9f94e50ec46" testListId="8c84fa94-04c1-424b-9868-57a2d4851a1d" />
    <TestEntry testId="eff1e9fe-2d1d-dc40-7308-ce9a06d48abb" executionId="cba78e41-1f25-4b41-85e6-bf7a400c12c7" testListId="8c84fa94-04c1-424b-9868-57a2d4851a1d" />
    <TestEntry testId="65d12714-bc65-d703-5012-41cf4701419e" executionId="bec68684-627c-434d-9587-fd801dd50066" testListId="8c84fa94-04c1-424b-9868-57a2d4851a1d" />
    <TestEntry testId="97fed8fd-b352-fb62-eade-4e060f747fb6" executionId="5d8e6c98-df43-4827-a5a0-9b2bca799bbc" testListId="8c84fa94-04c1-424b-9868-57a2d4851a1d" />
    <TestEntry testId="995a544b-4ccf-5a1c-1868-8838f4be29a7" executionId="411a79dd-f588-4d44-b013-e91581ceff52" testListId="8c84fa94-04c1-424b-9868-57a2d4851a1d" />
    <TestEntry testId="6a552384-d06c-602d-fdab-740ceb404074" executionId="1dcdc3cf-ee25-482a-9ef7-5fe5fd552f37" testListId="8c84fa94-04c1-424b-9868-57a2d4851a1d" />
    <TestEntry testId="7d3ebd9e-49ec-4494-9a5f-987b7dbb1a43" executionId="79498d13-c2e5-4104-a96f-3348cb40709b" testListId="8c84fa94-04c1-424b-9868-57a2d4851a1d" />
    <TestEntry testId="ac72b107-1ca0-a700-fc1a-7d93ee1ce3cd" executionId="1a06074a-c948-49aa-b14f-31035e187322" testListId="8c84fa94-04c1-424b-9868-57a2d4851a1d" />
    <TestEntry testId="684553a4-3c3a-e62a-dfc2-d45dff508278" executionId="c2e5270a-54b5-4d18-b6d4-64f5b707a4be" testListId="8c84fa94-04c1-424b-9868-57a2d4851a1d" />
    <TestEntry testId="7b8350a8-f9d6-81a5-d2c1-b781c15cd156" executionId="98605a9d-84f4-4eaa-8122-370a8f4f6652" testListId="8c84fa94-04c1-424b-9868-57a2d4851a1d" />
    <TestEntry testId="25ef05a2-3cb7-ab19-b1a2-2c8faec9fc34" executionId="475233d7-3889-4e2b-bef3-dc8a8f8b80ed" testListId="8c84fa94-04c1-424b-9868-57a2d4851a1d" />
    <TestEntry testId="36096c7a-3a4b-8558-cd8a-f63e2e559a94" executionId="93b9aeae-ee59-4ef7-9890-e2d08b73ad3c" testListId="8c84fa94-04c1-424b-9868-57a2d4851a1d" />
    <TestEntry testId="89bcd582-0c41-e159-240a-8b7199f89487" executionId="7f2c6b67-39dd-40b1-856a-c27b779f1262" testListId="8c84fa94-04c1-424b-9868-57a2d4851a1d" />
    <TestEntry testId="29d702e8-a2b9-38f4-1238-f0ea6ab717fe" executionId="bbf5d310-372e-412b-8000-f4b6e0f0ac16" testListId="8c84fa94-04c1-424b-9868-57a2d4851a1d" />
    <TestEntry testId="48b0930a-7164-1fc9-de95-b724e9191db9" executionId="7ccefea0-1bdf-45ac-a481-8c9c7fefc8bf" testListId="8c84fa94-04c1-424b-9868-57a2d4851a1d" />
    <TestEntry testId="d8efa613-b0e9-92dd-a6d3-5328f86fd6df" executionId="8f7da1ac-9734-4c01-ba4f-e7638fe63632" testListId="8c84fa94-04c1-424b-9868-57a2d4851a1d" />
    <TestEntry testId="90f48ecf-064d-e89f-bb4a-58f44108863c" executionId="45b5fe31-7e07-4994-ad6d-377361e54e49" testListId="8c84fa94-04c1-424b-9868-57a2d4851a1d" />
    <TestEntry testId="dfcb5f93-5c9b-ebe2-376c-b844953015e7" executionId="f1363ea8-a4b5-4d5c-97a4-9d942bfc6786" testListId="8c84fa94-04c1-424b-9868-57a2d4851a1d" />
    <TestEntry testId="c9e4c47d-e4ba-7a18-0b75-8ca423d946b2" executionId="47c6dc88-9c2a-48a1-8ba6-f6a5c946462a" testListId="8c84fa94-04c1-424b-9868-57a2d4851a1d" />
    <TestEntry testId="a246599f-430d-d956-7fe0-3d599abd9312" executionId="fffa1069-e6a1-40eb-a682-e2b9b8410380" testListId="8c84fa94-04c1-424b-9868-57a2d4851a1d" />
    <TestEntry testId="95eab1f0-7964-d181-23b5-01721380f853" executionId="4cf91bff-5523-4125-9212-5913a059fbde" testListId="8c84fa94-04c1-424b-9868-57a2d4851a1d" />
    <TestEntry testId="6ccacdf5-aec4-25b1-07c5-b4ec866ea351" executionId="c2207cb1-58e6-4eb5-97c9-1e8869c85141" testListId="8c84fa94-04c1-424b-9868-57a2d4851a1d" />
    <TestEntry testId="560e7b09-d8ae-ca54-53c7-1fbf98ea90fc" executionId="ca64aa06-f2cd-49f1-91fb-49943836c031" testListId="8c84fa94-04c1-424b-9868-57a2d4851a1d" />
    <TestEntry testId="90a86e47-a96b-05e5-2eb5-e5bfe1c7960d" executionId="73ca3ec7-d148-468d-8072-3f219868924a" testListId="8c84fa94-04c1-424b-9868-57a2d4851a1d" />
  </TestEntries>
  <TestLists>
    <TestList name="Results Not in a List" id="8c84fa94-04c1-424b-9868-57a2d4851a1d" />
    <TestList name="All Loaded Results" id="19431567-8539-422a-85d7-44ee4e166bda" />
  </TestLists>
  <ResultSummary outcome="Completed">
    <Counters total="32" executed="32" passed="32" failed="0" error="0" timeout="0" aborted="0" inconclusive="0" passedButRunAborted="0" notRunnable="0" notExecuted="0" disconnected="0" warning="0" completed="0" inProgress="0" pending="0" />
    <Output>
      <StdOut>[xUnit.net 00:00:00.00] xUnit.net VSTest Adapter v2.4.0 (64-bit .NET Core 3.1.3)
[xUnit.net 00:00:01.09]   Discovering: Centric.Learning.Smoelenboek.Business.Tests
[xUnit.net 00:00:01.17]   Discovered:  Centric.Learning.Smoelenboek.Business.Tests
[xUnit.net 00:00:01.17]   Starting:    Centric.Learning.Smoelenboek.Business.Tests
[xUnit.net 00:00:01.45]   Finished:    Centric.Learning.Smoelenboek.Business.Tests
</StdOut>
    </Output>
  </ResultSummary>
</TestRun>